Archive member included to satisfy reference by file (symbol)

C:\Users\dvbahder\.platformio\packages\framework-arduinoasrmicro650x\cores\asr650x\projects\CubeCellLib.a(AT_Command.o)
                              .pio\build\cubecell_board\src\main.cpp.o (enableAt)
C:\Users\dvbahder\.platformio\packages\framework-arduinoasrmicro650x\cores\asr650x\projects\CubeCellLib.a(UART_1.o)
                              C:\Users\dvbahder\.platformio\packages\framework-arduinoasrmicro650x\cores\asr650x\projects\CubeCellLib.a(AT_Command.o) (UART_1_Start)
C:\Users\dvbahder\.platformio\packages\framework-arduinoasrmicro650x\cores\asr650x\projects\CubeCellLib.a(ASR_Arduino.o)
                              C:\Users\dvbahder\.platformio\packages\framework-arduinoasrmicro650x\cores\asr650x\projects\CubeCellLib.a(AT_Command.o) (license_check)
C:\Users\dvbahder\.platformio\packages\framework-arduinoasrmicro650x\cores\asr650x\projects\CubeCellLib.a(timeServer.o)
                              C:\Users\dvbahder\.platformio\packages\framework-arduinoasrmicro650x\cores\asr650x\projects\CubeCellLib.a(AT_Command.o) (TimerInit)
C:\Users\dvbahder\.platformio\packages\framework-arduinoasrmicro650x\cores\asr650x\projects\CubeCellLib.a(lorawan_port.o)
                              C:\Users\dvbahder\.platformio\packages\framework-arduinoasrmicro650x\cores\asr650x\projects\CubeCellLib.a(timeServer.o) (aos_lrwan_time_itf)
C:\Users\dvbahder\.platformio\packages\framework-arduinoasrmicro650x\cores\asr650x\projects\CubeCellLib.a(asr_timer.o)
                              C:\Users\dvbahder\.platformio\packages\framework-arduinoasrmicro650x\cores\asr650x\projects\CubeCellLib.a(lorawan_port.o) (Asr_Timer_RegisterAlarmCallback)
C:\Users\dvbahder\.platformio\packages\framework-arduinoasrmicro650x\cores\asr650x\projects\CubeCellLib.a(cyfitter_cfg.o)
                              C:\Users\dvbahder\.platformio\packages\framework-arduinoasrmicro650x\cores\asr650x\projects\CubeCellLib.a(ASR_Arduino.o) (systime)
.pio\build\cubecell_board\libfaa\libOneWire.a(OneWire.cpp.o)
                              .pio\build\cubecell_board\src\main.cpp.o (OneWire::begin(unsigned char))
.pio\build\cubecell_board\libc04\libDallasTemperature.a(DallasTemperature.cpp.o)
                              .pio\build\cubecell_board\src\main.cpp.o (DallasTemperature::DallasTemperature(OneWire*))
.pio\build\cubecell_board\lib34b\libHX711-multi.a(HX711-multi.cpp.o)
                              .pio\build\cubecell_board\src\main.cpp.o (HX711MULTI::~HX711MULTI())
.pio\build\cubecell_board\liba35\libLoRa.a(LoRaWan_APP.cpp.o)
                              .pio\build\cubecell_board\src\main.cpp.o (getBatteryVoltage)
.pio\build\cubecell_board\liba35\libLoRa.a(LoRa_APP.cpp.o)
                              C:\Users\dvbahder\.platformio\packages\framework-arduinoasrmicro650x\cores\asr650x\projects\CubeCellLib.a(AT_Command.o) (LoraRxTimeout)
.pio\build\cubecell_board\libFrameworkArduino.a(HardwareSerial.cpp.o)
                              .pio\build\cubecell_board\src\main.cpp.o (HardwareSerial::flush())
.pio\build\cubecell_board\libFrameworkArduino.a(asr_board.c.o)
                              .pio\build\cubecell_board\src\main.cpp.o (boardInitMcu)
.pio\build\cubecell_board\libFrameworkArduino.a(gpio.c.o)
                              .pio\build\cubecell_board\libFrameworkArduino.a(asr_board.c.o) (GpioInit)
.pio\build\cubecell_board\libFrameworkArduino.a(spi-board.c.o)
                              .pio\build\cubecell_board\libFrameworkArduino.a(asr_board.c.o) (SpiInit)
.pio\build\cubecell_board\libFrameworkArduino.a(ADC_SAR_Seq.c.o)
                              C:\Users\dvbahder\.platformio\packages\framework-arduinoasrmicro650x\cores\asr650x\projects\CubeCellLib.a(ASR_Arduino.o) (ADC_SAR_Seq_Start)
.pio\build\cubecell_board\libFrameworkArduino.a(ADC_SAR_Seq_INT.c.o)
                              .pio\build\cubecell_board\libFrameworkArduino.a(ADC_SAR_Seq.c.o) (ADC_SAR_Seq_ISR)
.pio\build\cubecell_board\libFrameworkArduino.a(PWM1.c.o)
                              C:\Users\dvbahder\.platformio\packages\framework-arduinoasrmicro650x\cores\asr650x\projects\CubeCellLib.a(ASR_Arduino.o) (PWM1_Stop)
.pio\build\cubecell_board\libFrameworkArduino.a(PWM2.c.o)
                              C:\Users\dvbahder\.platformio\packages\framework-arduinoasrmicro650x\cores\asr650x\projects\CubeCellLib.a(ASR_Arduino.o) (PWM2_Stop)
.pio\build\cubecell_board\libFrameworkArduino.a(Print.cpp.o)
                              .pio\build\cubecell_board\liba35\libLoRa.a(LoRaWan_APP.cpp.o) (Print::printf(char const*, ...))
.pio\build\cubecell_board\libFrameworkArduino.a(Stream.cpp.o)
                              .pio\build\cubecell_board\libFrameworkArduino.a(HardwareSerial.cpp.o) (Stream::readBytes(char*, unsigned int))
.pio\build\cubecell_board\libFrameworkArduino.a(WString.cpp.o)
                              .pio\build\cubecell_board\libFrameworkArduino.a(Stream.cpp.o) (String::String(char const*))
[...]
Memory Configuration

Name             Origin             Length             Attributes
rom              0x0000000000000000 0x0000000000020000 xr
ram              0x0000000020000000 0x0000000000004000 xrw
*default*        0x0000000000000000 0xffffffffffffffff

Linker script and memory map

LOAD c:/users/dvbahder/.platformio/packages/toolchain-gccarmnoneeabi/bin/../lib/gcc/arm-none-eabi/9.2.1/thumb/v6-m/nofp/crti.o
LOAD c:/users/dvbahder/.platformio/packages/toolchain-gccarmnoneeabi/bin/../lib/gcc/arm-none-eabi/9.2.1/thumb/v6-m/nofp/crtbegin.o
LOAD c:/users/dvbahder/.platformio/packages/toolchain-gccarmnoneeabi/bin/../lib/gcc/arm-none-eabi/9.2.1/../../../../arm-none-eabi/lib/thumb/v6-m/nofp/crt0.o
LOAD .pio\build\cubecell_board\src\main.cpp.o
START GROUP
LOAD C:\Users\dvbahder\.platformio\packages\framework-arduinoasrmicro650x\cores\asr650x\projects\CubeCellLib.a
LOAD .pio\build\cubecell_board\lib02c\libArduinoJson.a
LOAD .pio\build\cubecell_board\libfaa\libOneWire.a
LOAD .pio\build\cubecell_board\libc04\libDallasTemperature.a
LOAD .pio\build\cubecell_board\lib34b\libHX711-multi.a
LOAD .pio\build\cubecell_board\lib979\libRGB.a
LOAD .pio\build\cubecell_board\lib49a\libOLED.a
LOAD .pio\build\cubecell_board\liba35\libLoRa.a
LOAD .pio\build\cubecell_board\libFrameworkArduinoVariant.a
LOAD .pio\build\cubecell_board\libFrameworkArduino.a
LOAD c:/users/dvbahder/.platformio/packages/toolchain-gccarmnoneeabi/bin/../lib/gcc/arm-none-eabi/9.2.1/../../../../arm-none-eabi/lib/thumb/v6-m/nofp\libstdc++_nano.a
END GROUP
LOAD c:/users/dvbahder/.platformio/packages/toolchain-gccarmnoneeabi/bin/../lib/gcc/arm-none-eabi/9.2.1/../../../../arm-none-eabi/lib/thumb/v6-m/nofp\libstdc++_nano.a
LOAD c:/users/dvbahder/.platformio/packages/toolchain-gccarmnoneeabi/bin/../lib/gcc/arm-none-eabi/9.2.1/../../../../arm-none-eabi/lib/thumb/v6-m/nofp\libm.a
START GROUP
LOAD c:/users/dvbahder/.platformio/packages/toolchain-gccarmnoneeabi/bin/../lib/gcc/arm-none-eabi/9.2.1/thumb/v6-m/nofp\libgcc.a
LOAD c:/users/dvbahder/.platformio/packages/toolchain-gccarmnoneeabi/bin/../lib/gcc/arm-none-eabi/9.2.1/../../../../arm-none-eabi/lib/thumb/v6-m/nofp\libc_nano.a
END GROUP
START GROUP
LOAD c:/users/dvbahder/.platformio/packages/toolchain-gccarmnoneeabi/bin/../lib/gcc/arm-none-eabi/9.2.1/thumb/v6-m/nofp\libgcc.a
LOAD c:/users/dvbahder/.platformio/packages/toolchain-gccarmnoneeabi/bin/../lib/gcc/arm-none-eabi/9.2.1/../../../../arm-none-eabi/lib/thumb/v6-m/nofp\libc_nano.a
END GROUP
LOAD c:/users/dvbahder/.platformio/packages/toolchain-gccarmnoneeabi/bin/../lib/gcc/arm-none-eabi/9.2.1/thumb/v6-m/nofp/crtend.o
LOAD c:/users/dvbahder/.platformio/packages/toolchain-gccarmnoneeabi/bin/../lib/gcc/arm-none-eabi/9.2.1/thumb/v6-m/nofp/crtn.o
START GROUP
LOAD c:/users/dvbahder/.platformio/packages/toolchain-gccarmnoneeabi/bin/../lib/gcc/arm-none-eabi/9.2.1/thumb/v6-m/nofp\libgcc.a
LOAD c:/users/dvbahder/.platformio/packages/toolchain-gccarmnoneeabi/bin/../lib/gcc/arm-none-eabi/9.2.1/../../../../arm-none-eabi/lib/thumb/v6-m/nofp\libc.a
LOAD c:/users/dvbahder/.platformio/packages/toolchain-gccarmnoneeabi/bin/../lib/gcc/arm-none-eabi/9.2.1/../../../../arm-none-eabi/lib/thumb/v6-m/nofp\libnosys.a
END GROUP
                0x0000000000000000                CY_APPL_ORIGIN = 0x0
                0x0000000000000100                CY_FLASH_ROW_SIZE = 0x100
                0x0000000000000001                CY_APPL_NUM = 0x1
                0x0000000000000001                CY_APPL_MAX = 0x1
                0x0000000000000040                CY_METADATA_SIZE = 0x40
                0x0000000000000001                CY_APPL_LOADABLE = 0x1
                0x0000000000000000                CY_CHECKSUM_EXCLUDE_SIZE = ALIGN (0x0, CY_FLASH_ROW_SIZE)
                0x0000000000000000                CY_APP_FOR_STACK_AND_COPIER = 0x0
                [!provide]                        PROVIDE (__cy_heap_start = _end)
                0x0000000000000001                PROVIDE (__cy_region_num = ((__cy_regions_end - __cy_regions) / 0x10))
                0x0000000020004000                PROVIDE (__cy_stack = (ORIGIN (ram) + LENGTH (ram)))
                [!provide]                        PROVIDE (__cy_heap_end = (__cy_stack - 0x800))

.cybootloader   0x0000000000000000     0x2200
 *(.cybootloader)
 .cybootloader  0x0000000000000000     0x2200 .pio\build\cubecell_board\libFrameworkArduino.a(cybootloader.c.o)
                0x0000000000000000                cy_bootloader
                0x0000000000002200                appl1_start = CY_APPL_ORIGIN?CY_APPL_ORIGIN:ALIGN (CY_FLASH_ROW_SIZE)
                0x0000000000011000                appl2_start = (appl1_start + ALIGN ((((LENGTH (rom) - appl1_start) - (0x2 * CY_FLASH_ROW_SIZE)) / 0x2), CY_FLASH_ROW_SIZE))
                0x0000000000002200                appl_start = (CY_APPL_NUM == 0x1)?appl1_start:appl2_start
                0x0000000000000000                cy_project_type_bootloader = (appl_start == 0x0)?0x1:0x0
                0x0000000000000000                cy_project_type_app_for_stack_and_copier = (CY_APP_FOR_STACK_AND_COPIER == 0x1)?0x1:0x0

.text           0x0000000000002200    0x11180
 CREATE_OBJECT_SYMBOLS
                0x0000000000002200                PROVIDE (__cy_interrupt_vector = RomVectors)
 *(.romvectors)
 .romvectors    0x0000000000002200       0x10 .pio\build\cubecell_board\libFrameworkArduino.a(Cm0plusStart.c.o)
                0x0000000000002200                RomVectors
                0x0000000000000001                ASSERT ((. != __cy_interrupt_vector), No interrupt vector)
                0x0000000000000001                ASSERT (CY_APPL_ORIGIN?(SIZEOF (.cybootloader) <= CY_APPL_ORIGIN):0x1, Wrong image location)
                0x0000000000002210                PROVIDE (__cy_reset = Reset)
 *(.text.Reset)
 .text.Reset    0x0000000000002210       0x18 .pio\build\cubecell_board\libFrameworkArduino.a(Cm0plusStart.c.o)
                0x0000000000002210                Reset
                0x0000000000000001                ASSERT ((. != __cy_reset), No reset code)
 *(.psocinit)
 .psocinit      0x0000000000002228      0x1b4 C:\Users\dvbahder\.platformio\packages\framework-arduinoasrmicro650x\cores\asr650x\projects\CubeCellLib.a(cyfitter_cfg.o)
                0x0000000000002228                cyfitter_cfg
                0x00000000000023dc                . = MAX (., 0x100)
 *(.text .text.* .gnu.linkonce.t.*)
 .text.__do_global_dtors_aux
                0x00000000000023dc       0x28 c:/users/dvbahder/.platformio/packages/toolchain-gccarmnoneeabi/bin/../lib/gcc/arm-none-eabi/9.2.1/thumb/v6-m/nofp/crtbegin.o
 .text.frame_dummy
                0x0000000000002404       0x20 c:/users/dvbahder/.platformio/packages/toolchain-gccarmnoneeabi/bin/../lib/gcc/arm-none-eabi/9.2.1/thumb/v6-m/nofp/crtbegin.o
 .text._Z7measurev
                0x0000000000002424      0x138 .pio\build\cubecell_board\src\main.cpp.o
                0x0000000000002424                measure()
 .text._Z4loopv
                0x000000000000255c      0x180 .pio\build\cubecell_board\src\main.cpp.o
                0x000000000000255c                loop()
 .text.startup._GLOBAL__sub_I_devEui
                0x00000000000026dc       0x4c .pio\build\cubecell_board\src\main.cpp.o
 .text._Z5setupv
                0x0000000000002728       0x8c .pio\build\cubecell_board\src\main.cpp.o
                0x0000000000002728                setup()
 .text.unlikely.printLoraPara
                0x00000000000027b4       0x5c C:\Users\dvbahder\.platformio\packages\framework-arduinoasrmicro650x\cores\asr650x\projects\CubeCellLib.a(AT_Command.o)
 .text.getLoraPara
                0x0000000000002810       0xb0 C:\Users\dvbahder\.platformio\packages\framework-arduinoasrmicro650x\cores\asr650x\projects\CubeCellLib.a(AT_Command.o)
 .text.saveLoraPara
                0x00000000000028c0       0xb0 C:\Users\dvbahder\.platformio\packages\framework-arduinoasrmicro650x\cores\asr650x\projects\CubeCellLib.a(AT_Command.o)
 .text.unlikely.updateLicence
                0x0000000000002970       0x68 C:\Users\dvbahder\.platformio\packages\framework-arduinoasrmicro650x\cores\asr650x\projects\CubeCellLib.a(AT_Command.o)
 .text.initAt   0x00000000000029d8       0x30 C:\Users\dvbahder\.platformio\packages\framework-arduinoasrmicro650x\cores\asr650x\projects\CubeCellLib.a(AT_Command.o)
 .text.onAutoLpm
                0x0000000000002a08       0x58 C:\Users\dvbahder\.platformio\packages\framework-arduinoasrmicro650x\cores\asr650x\projects\CubeCellLib.a(AT_Command.o)
 .text.unlikely.print_Para.isra.1
                0x0000000000002a60      0x130 C:\Users\dvbahder\.platformio\packages\framework-arduinoasrmicro650x\cores\asr650x\projects\CubeCellLib.a(AT_Command.o)
 .text.unlikely.checkLoraParaformat.isra.2
                0x0000000000002b90       0x84 C:\Users\dvbahder\.platformio\packages\framework-arduinoasrmicro650x\cores\asr650x\projects\CubeCellLib.a(AT_Command.o)
 .text.unlikely.check_content.isra.5
                0x0000000000002c14      0x390 C:\Users\dvbahder\.platformio\packages\framework-arduinoasrmicro650x\cores\asr650x\projects\CubeCellLib.a(AT_Command.o)
 .text.wakefromUart
                0x0000000000002fa4       0xa4 C:\Users\dvbahder\.platformio\packages\framework-arduinoasrmicro650x\cores\asr650x\projects\CubeCellLib.a(AT_Command.o)
 .text.ReceiveCommand
                0x0000000000003048       0x64 C:\Users\dvbahder\.platformio\packages\framework-arduinoasrmicro650x\cores\asr650x\projects\CubeCellLib.a(AT_Command.o)
 .text.updatePrintCopyright
                0x00000000000030ac       0x3c C:\Users\dvbahder\.platformio\packages\framework-arduinoasrmicro650x\cores\asr650x\projects\CubeCellLib.a(AT_Command.o)
                0x00000000000030ac                updatePrintCopyright
 .text.checkUserAt
                0x00000000000030e8        0x4 C:\Users\dvbahder\.platformio\packages\framework-arduinoasrmicro650x\cores\asr650x\projects\CubeCellLib.a(AT_Command.o)
                0x00000000000030e8                checkUserAt
 .text.enableAt
                0x00000000000030ec       0x2c C:\Users\dvbahder\.platformio\packages\framework-arduinoasrmicro650x\cores\asr650x\projects\CubeCellLib.a(AT_Command.o)
                0x00000000000030ec                enableAt
 .text.print_para_1
                0x0000000000003118       0x20 C:\Users\dvbahder\.platformio\packages\framework-arduinoasrmicro650x\cores\asr650x\projects\CubeCellLib.a(AT_Command.o)
                0x0000000000003118                print_para_1
 .text.getDevParam
                0x0000000000003138      0x208 C:\Users\dvbahder\.platformio\packages\framework-arduinoasrmicro650x\cores\asr650x\projects\CubeCellLib.a(AT_Command.o)
                0x0000000000003138                getDevParam
 .text.netInfoDisable
                0x0000000000003340       0x1a C:\Users\dvbahder\.platformio\packages\framework-arduinoasrmicro650x\cores\asr650x\projects\CubeCellLib.a(AT_Command.o)
                0x0000000000003340                netInfoDisable
 *fill*         0x000000000000335a        0x2 
 .text.onUartEvent
                0x000000000000335c      0xc4c C:\Users\dvbahder\.platformio\packages\framework-arduinoasrmicro650x\cores\asr650x\projects\CubeCellLib.a(AT_Command.o)
 .text.saveNetInfo
                0x0000000000003fa8       0x58 C:\Users\dvbahder\.platformio\packages\framework-arduinoasrmicro650x\cores\asr650x\projects\CubeCellLib.a(AT_Command.o)
                0x0000000000003fa8                saveNetInfo
 .text.checkNetInfo
                0x0000000000004000       0x28 C:\Users\dvbahder\.platformio\packages\framework-arduinoasrmicro650x\cores\asr650x\projects\CubeCellLib.a(AT_Command.o)
                0x0000000000004000                checkNetInfo
 .text.saveDownCnt
                0x0000000000004028       0x40 C:\Users\dvbahder\.platformio\packages\framework-arduinoasrmicro650x\cores\asr650x\projects\CubeCellLib.a(AT_Command.o)
                0x0000000000004028                saveDownCnt
 .text.getNetInfo
                0x0000000000004068      0x120 C:\Users\dvbahder\.platformio\packages\framework-arduinoasrmicro650x\cores\asr650x\projects\CubeCellLib.a(AT_Command.o)
                0x0000000000004068                getNetInfo
 .text.printDevParam
                0x0000000000004188      0x224 C:\Users\dvbahder\.platformio\packages\framework-arduinoasrmicro650x\cores\asr650x\projects\CubeCellLib.a(AT_Command.o)
                0x0000000000004188                printDevParam
 .text.UART_1_Enable
                0x00000000000043ac       0x20 C:\Users\dvbahder\.platformio\packages\framework-arduinoasrmicro650x\cores\asr650x\projects\CubeCellLib.a(UART_1.o)
                0x00000000000043ac                UART_1_Enable
 .text.UART_1_Start
                0x00000000000043cc       0x54 C:\Users\dvbahder\.platformio\packages\framework-arduinoasrmicro650x\cores\asr650x\projects\CubeCellLib.a(UART_1.o)
                0x00000000000043cc                UART_1_Start
 .text.UART_1_Stop
                0x0000000000004420       0x54 C:\Users\dvbahder\.platformio\packages\framework-arduinoasrmicro650x\cores\asr650x\projects\CubeCellLib.a(UART_1.o)
                0x0000000000004420                UART_1_Stop
 .text.globalGpioIsrEntry
                0x0000000000004474       0x58 C:\Users\dvbahder\.platformio\packages\framework-arduinoasrmicro650x\cores\asr650x\projects\CubeCellLib.a(ASR_Arduino.o)
                0x0000000000004474                globalGpioIsrEntry
 .text.getID    0x00000000000044cc       0x18 C:\Users\dvbahder\.platformio\packages\framework-arduinoasrmicro650x\cores\asr650x\projects\CubeCellLib.a(ASR_Arduino.o)
                0x00000000000044cc                getID
 .text.license_check
                0x00000000000044e4      0x268 C:\Users\dvbahder\.platformio\packages\framework-arduinoasrmicro650x\cores\asr650x\projects\CubeCellLib.a(ASR_Arduino.o)
                0x00000000000044e4                license_check
 .text.pinMode  0x000000000000474c       0x6c C:\Users\dvbahder\.platformio\packages\framework-arduinoasrmicro650x\cores\asr650x\projects\CubeCellLib.a(ASR_Arduino.o)
                0x000000000000474c                pinMode
 .text.digitalWrite
                0x00000000000047b8       0x68 C:\Users\dvbahder\.platformio\packages\framework-arduinoasrmicro650x\cores\asr650x\projects\CubeCellLib.a(ASR_Arduino.o)
                0x00000000000047b8                digitalWrite
 .text.digitalRead
                0x0000000000004820       0x20 C:\Users\dvbahder\.platformio\packages\framework-arduinoasrmicro650x\cores\asr650x\projects\CubeCellLib.a(ASR_Arduino.o)
                0x0000000000004820                digitalRead
 .text.ClearPinInterrupt
                0x0000000000004840       0x1c C:\Users\dvbahder\.platformio\packages\framework-arduinoasrmicro650x\cores\asr650x\projects\CubeCellLib.a(ASR_Arduino.o)
                0x0000000000004840                ClearPinInterrupt
 .text.attachInterrupt
                0x000000000000485c       0x7c C:\Users\dvbahder\.platformio\packages\framework-arduinoasrmicro650x\cores\asr650x\projects\CubeCellLib.a(ASR_Arduino.o)
                0x000000000000485c                attachInterrupt
 .text.detachInterrupt
                0x00000000000048d8       0x6c C:\Users\dvbahder\.platformio\packages\framework-arduinoasrmicro650x\cores\asr650x\projects\CubeCellLib.a(ASR_Arduino.o)
                0x00000000000048d8                detachInterrupt
 .text.analogRead
                0x0000000000004944       0x70 C:\Users\dvbahder\.platformio\packages\framework-arduinoasrmicro650x\cores\asr650x\projects\CubeCellLib.a(ASR_Arduino.o)
                0x0000000000004944                analogRead
 .text.delay    0x00000000000049b4        0x8 C:\Users\dvbahder\.platformio\packages\framework-arduinoasrmicro650x\cores\asr650x\projects\CubeCellLib.a(ASR_Arduino.o)
                0x00000000000049b4                delay
 .text.delayMicroseconds
                0x00000000000049bc        0x8 C:\Users\dvbahder\.platformio\packages\framework-arduinoasrmicro650x\cores\asr650x\projects\CubeCellLib.a(ASR_Arduino.o)
                0x00000000000049bc                delayMicroseconds
 .text.millis   0x00000000000049c4        0xc C:\Users\dvbahder\.platformio\packages\framework-arduinoasrmicro650x\cores\asr650x\projects\CubeCellLib.a(ASR_Arduino.o)
                0x00000000000049c4                millis
 .text.SPI_BUSY_SetDriveMode
                0x00000000000049d0        0x2 C:\Users\dvbahder\.platformio\packages\framework-arduinoasrmicro650x\cores\asr650x\projects\CubeCellLib.a(ASR_Arduino.o)
                0x00000000000049d0                SPI_BUSY_SetDriveMode
 .text.SPI_NRESET_SetDriveMode
                0x00000000000049d2        0x2 C:\Users\dvbahder\.platformio\packages\framework-arduinoasrmicro650x\cores\asr650x\projects\CubeCellLib.a(ASR_Arduino.o)
                0x00000000000049d2                SPI_NRESET_SetDriveMode
 .text.antpow_SetDriveMode
                0x00000000000049d4        0x2 C:\Users\dvbahder\.platformio\packages\framework-arduinoasrmicro650x\cores\asr650x\projects\CubeCellLib.a(ASR_Arduino.o)
                0x00000000000049d4                antpow_SetDriveMode
 .text.SPI_1_miso_m_SetDriveMode
                0x00000000000049d6        0x2 C:\Users\dvbahder\.platformio\packages\framework-arduinoasrmicro650x\cores\asr650x\projects\CubeCellLib.a(ASR_Arduino.o)
                0x00000000000049d6                SPI_1_miso_m_SetDriveMode
 .text.SPI_1_mosi_m_SetDriveMode
                0x00000000000049d8        0x2 C:\Users\dvbahder\.platformio\packages\framework-arduinoasrmicro650x\cores\asr650x\projects\CubeCellLib.a(ASR_Arduino.o)
                0x00000000000049d8                SPI_1_mosi_m_SetDriveMode
 .text.SPI_1_sclk_m_SetDriveMode
                0x00000000000049da        0x2 C:\Users\dvbahder\.platformio\packages\framework-arduinoasrmicro650x\cores\asr650x\projects\CubeCellLib.a(ASR_Arduino.o)
                0x00000000000049da                SPI_1_sclk_m_SetDriveMode
 .text.TimeStampsUpdate
                0x00000000000049dc       0x38 C:\Users\dvbahder\.platformio\packages\framework-arduinoasrmicro650x\cores\asr650x\projects\CubeCellLib.a(timeServer.o)
 .text.TimerSetTimeout
                0x0000000000004a14       0x10 C:\Users\dvbahder\.platformio\packages\framework-arduinoasrmicro650x\cores\asr650x\projects\CubeCellLib.a(timeServer.o)
 .text.TimerInsertNewHeadTimer
                0x0000000000004a24       0x1c C:\Users\dvbahder\.platformio\packages\framework-arduinoasrmicro650x\cores\asr650x\projects\CubeCellLib.a(timeServer.o)
 .text.TimerSetSysTime
                0x0000000000004a40       0x10 C:\Users\dvbahder\.platformio\packages\framework-arduinoasrmicro650x\cores\asr650x\projects\CubeCellLib.a(timeServer.o)
                0x0000000000004a40                TimerSetSysTime
 .text.TimerGetSysTime
                0x0000000000004a50       0x28 C:\Users\dvbahder\.platformio\packages\framework-arduinoasrmicro650x\cores\asr650x\projects\CubeCellLib.a(timeServer.o)
                0x0000000000004a50                TimerGetSysTime
 .text.TimerInit
                0x0000000000004a78        0xe C:\Users\dvbahder\.platformio\packages\framework-arduinoasrmicro650x\cores\asr650x\projects\CubeCellLib.a(timeServer.o)
                0x0000000000004a78                TimerInit
 *fill*         0x0000000000004a86        0x2 
 .text.TimerStart
                0x0000000000004a88       0x88 C:\Users\dvbahder\.platformio\packages\framework-arduinoasrmicro650x\cores\asr650x\projects\CubeCellLib.a(timeServer.o)
                0x0000000000004a88                TimerStart
 .text.TimerIrqHandler
                0x0000000000004b10       0x70 C:\Users\dvbahder\.platformio\packages\framework-arduinoasrmicro650x\cores\asr650x\projects\CubeCellLib.a(timeServer.o)
                0x0000000000004b10                TimerIrqHandler
 .text.TimerStop
                0x0000000000004b80       0x68 C:\Users\dvbahder\.platformio\packages\framework-arduinoasrmicro650x\cores\asr650x\projects\CubeCellLib.a(timeServer.o)
                0x0000000000004b80                TimerStop
 .text.TimerSetValue
                0x0000000000004be8       0x1c C:\Users\dvbahder\.platformio\packages\framework-arduinoasrmicro650x\cores\asr650x\projects\CubeCellLib.a(timeServer.o)
                0x0000000000004be8                TimerSetValue
 .text.TimerGetCurrentTime
                0x0000000000004c04       0x10 C:\Users\dvbahder\.platformio\packages\framework-arduinoasrmicro650x\cores\asr650x\projects\CubeCellLib.a(timeServer.o)
                0x0000000000004c04                TimerGetCurrentTime
 .text.TimerGetElapsedTime
                0x0000000000004c14       0x10 C:\Users\dvbahder\.platformio\packages\framework-arduinoasrmicro650x\cores\asr650x\projects\CubeCellLib.a(timeServer.o)
                0x0000000000004c14                TimerGetElapsedTime
 .text.TimerTempCompensation
                0x0000000000004c24        0x2 C:\Users\dvbahder\.platformio\packages\framework-arduinoasrmicro650x\cores\asr650x\projects\CubeCellLib.a(timeServer.o)
                0x0000000000004c24                TimerTempCompensation
 *fill*         0x0000000000004c26        0x2 
 .text.get_timer_context
                0x0000000000004c28        0xc C:\Users\dvbahder\.platformio\packages\framework-arduinoasrmicro650x\cores\asr650x\projects\CubeCellLib.a(lorawan_port.o)
 .text.set_timer_val
                0x0000000000004c34        0xc C:\Users\dvbahder\.platformio\packages\framework-arduinoasrmicro650x\cores\asr650x\projects\CubeCellLib.a(lorawan_port.o)
 .text.radio_rw_dis
                0x0000000000004c40        0x2 C:\Users\dvbahder\.platformio\packages\framework-arduinoasrmicro650x\cores\asr650x\projects\CubeCellLib.a(lorawan_port.o)
 .text.radio_rw
                0x0000000000004c42        0x4 C:\Users\dvbahder\.platformio\packages\framework-arduinoasrmicro650x\cores\asr650x\projects\CubeCellLib.a(lorawan_port.o)
 *fill*         0x0000000000004c46        0x2 
 .text.RTC_Update_ASR
                0x0000000000004c48       0x28 C:\Users\dvbahder\.platformio\packages\framework-arduinoasrmicro650x\cores\asr650x\projects\CubeCellLib.a(lorawan_port.o)
                0x0000000000004c48                RTC_Update_ASR
 .text.get_current_time
                0x0000000000004c70       0x54 C:\Users\dvbahder\.platformio\packages\framework-arduinoasrmicro650x\cores\asr650x\projects\CubeCellLib.a(lorawan_port.o)
                0x0000000000004c70                get_current_time
 .text.get_sys_time
                0x0000000000004cc4       0x28 C:\Users\dvbahder\.platformio\packages\framework-arduinoasrmicro650x\cores\asr650x\projects\CubeCellLib.a(lorawan_port.o)
                0x0000000000004cc4                get_sys_time
 .text.set_sys_time
                0x0000000000004cec       0x44 C:\Users\dvbahder\.platformio\packages\framework-arduinoasrmicro650x\cores\asr650x\projects\CubeCellLib.a(lorawan_port.o)
                0x0000000000004cec                set_sys_time
 .text.compute_elapsed_time
                0x0000000000004d30       0x10 C:\Users\dvbahder\.platformio\packages\framework-arduinoasrmicro650x\cores\asr650x\projects\CubeCellLib.a(lorawan_port.o)
 .text.get_timer_elapsed_time
                0x0000000000004d40       0x14 C:\Users\dvbahder\.platformio\packages\framework-arduinoasrmicro650x\cores\asr650x\projects\CubeCellLib.a(lorawan_port.o)
 .text.set_timer_context
                0x0000000000004d54       0x14 C:\Users\dvbahder\.platformio\packages\framework-arduinoasrmicro650x\cores\asr650x\projects\CubeCellLib.a(lorawan_port.o)
 .text.enter_sleep_mode
                0x0000000000004d68        0x8 C:\Users\dvbahder\.platformio\packages\framework-arduinoasrmicro650x\cores\asr650x\projects\CubeCellLib.a(lorawan_port.o)
 .text.set_alarm
                0x0000000000004d70       0x20 C:\Users\dvbahder\.platformio\packages\framework-arduinoasrmicro650x\cores\asr650x\projects\CubeCellLib.a(lorawan_port.o)
 .text.set_timeout
                0x0000000000004d90       0x2e C:\Users\dvbahder\.platformio\packages\framework-arduinoasrmicro650x\cores\asr650x\projects\CubeCellLib.a(lorawan_port.o)
 .text.AlarmBackHandler
                0x0000000000004dbe        0x8 C:\Users\dvbahder\.platformio\packages\framework-arduinoasrmicro650x\cores\asr650x\projects\CubeCellLib.a(lorawan_port.o)
 .text.stop_alarm
                0x0000000000004dc6        0x8 C:\Users\dvbahder\.platformio\packages\framework-arduinoasrmicro650x\cores\asr650x\projects\CubeCellLib.a(lorawan_port.o)
 .text.delay_ms
                0x0000000000004dce        0x8 C:\Users\dvbahder\.platformio\packages\framework-arduinoasrmicro650x\cores\asr650x\projects\CubeCellLib.a(lorawan_port.o)
 .text.get_mft_baud
                0x0000000000004dd6        0x8 C:\Users\dvbahder\.platformio\packages\framework-arduinoasrmicro650x\cores\asr650x\projects\CubeCellLib.a(lorawan_port.o)
 .text.set_mft_baud
                0x0000000000004dde        0x8 C:\Users\dvbahder\.platformio\packages\framework-arduinoasrmicro650x\cores\asr650x\projects\CubeCellLib.a(lorawan_port.o)
 .text.get_mft_sn
                0x0000000000004de6        0x8 C:\Users\dvbahder\.platformio\packages\framework-arduinoasrmicro650x\cores\asr650x\projects\CubeCellLib.a(lorawan_port.o)
 .text.get_mft_rev
                0x0000000000004dee        0x8 C:\Users\dvbahder\.platformio\packages\framework-arduinoasrmicro650x\cores\asr650x\projects\CubeCellLib.a(lorawan_port.o)
 .text.get_mft_model
                0x0000000000004df6        0x8 C:\Users\dvbahder\.platformio\packages\framework-arduinoasrmicro650x\cores\asr650x\projects\CubeCellLib.a(lorawan_port.o)
 .text.get_mft_id
                0x0000000000004dfe        0x8 C:\Users\dvbahder\.platformio\packages\framework-arduinoasrmicro650x\cores\asr650x\projects\CubeCellLib.a(lorawan_port.o)
 .text.radio_rw_en
                0x0000000000004e06        0x2 C:\Users\dvbahder\.platformio\packages\framework-arduinoasrmicro650x\cores\asr650x\projects\CubeCellLib.a(lorawan_port.o)
 .text.exit_stop_mode
                0x0000000000004e08        0x2 C:\Users\dvbahder\.platformio\packages\framework-arduinoasrmicro650x\cores\asr650x\projects\CubeCellLib.a(lorawan_port.o)
 .text.set_uc_wakeup_time
                0x0000000000004e0a        0x2 C:\Users\dvbahder\.platformio\packages\framework-arduinoasrmicro650x\cores\asr650x\projects\CubeCellLib.a(lorawan_port.o)
 .text.radio_reset
                0x0000000000004e0c        0x2 C:\Users\dvbahder\.platformio\packages\framework-arduinoasrmicro650x\cores\asr650x\projects\CubeCellLib.a(lorawan_port.o)
 .text.radio_reset_cfg_input
                0x0000000000004e0e        0x2 C:\Users\dvbahder\.platformio\packages\framework-arduinoasrmicro650x\cores\asr650x\projects\CubeCellLib.a(lorawan_port.o)
 .text.BackupGpioDriveMode
                0x0000000000004e10      0x114 C:\Users\dvbahder\.platformio\packages\framework-arduinoasrmicro650x\cores\asr650x\projects\CubeCellLib.a(lorawan_port.o)
                0x0000000000004e10                BackupGpioDriveMode
 .text.RestoreGpioDriveMode
                0x0000000000004f24      0x118 C:\Users\dvbahder\.platformio\packages\framework-arduinoasrmicro650x\cores\asr650x\projects\CubeCellLib.a(lorawan_port.o)
                0x0000000000004f24                RestoreGpioDriveMode
 .text.SetPinHIZ
                0x000000000000503c       0x2e C:\Users\dvbahder\.platformio\packages\framework-arduinoasrmicro650x\cores\asr650x\projects\CubeCellLib.a(lorawan_port.o)
                0x000000000000503c                SetPinHIZ
 .text.UartDeepsleep
                0x000000000000506a       0x28 C:\Users\dvbahder\.platformio\packages\framework-arduinoasrmicro650x\cores\asr650x\projects\CubeCellLib.a(lorawan_port.o)
                0x000000000000506a                UartDeepsleep
 *fill*         0x0000000000005092        0x2 
 .text.enter_stop_mode
                0x0000000000005094       0x3c C:\Users\dvbahder\.platformio\packages\framework-arduinoasrmicro650x\cores\asr650x\projects\CubeCellLib.a(lorawan_port.o)
 .text.RtcInit  0x00000000000050d0       0x3c C:\Users\dvbahder\.platformio\packages\framework-arduinoasrmicro650x\cores\asr650x\projects\CubeCellLib.a(lorawan_port.o)
                0x00000000000050d0                RtcInit
 .text.Asr_Timer_RegisterAlarmCallback
                0x000000000000510c       0x10 C:\Users\dvbahder\.platformio\packages\framework-arduinoasrmicro650x\cores\asr650x\projects\CubeCellLib.a(asr_timer.o)
                0x000000000000510c                Asr_Timer_RegisterAlarmCallback
 .text.Asr_SetTimeout
                0x000000000000511c       0xc4 C:\Users\dvbahder\.platformio\packages\framework-arduinoasrmicro650x\cores\asr650x\projects\CubeCellLib.a(asr_timer.o)
                0x000000000000511c                Asr_SetTimeout
 .text.Asr_Timer_Init
                0x00000000000051e0       0x68 C:\Users\dvbahder\.platformio\packages\framework-arduinoasrmicro650x\cores\asr650x\projects\CubeCellLib.a(asr_timer.o)
                0x00000000000051e0                Asr_Timer_Init
 .text.Asr_Timer_Disable
                0x0000000000005248       0x18 C:\Users\dvbahder\.platformio\packages\framework-arduinoasrmicro650x\cores\asr650x\projects\CubeCellLib.a(asr_timer.o)
                0x0000000000005248                Asr_Timer_Disable
 .text.Timer0IsrCallback
                0x0000000000005260       0x1c C:\Users\dvbahder\.platformio\packages\framework-arduinoasrmicro650x\cores\asr650x\projects\CubeCellLib.a(asr_timer.o)
                0x0000000000005260                Timer0IsrCallback
 .text.Timer1IsrCallback
                0x000000000000527c       0x28 C:\Users\dvbahder\.platformio\packages\framework-arduinoasrmicro650x\cores\asr650x\projects\CubeCellLib.a(asr_timer.o)
                0x000000000000527c                Timer1IsrCallback
 .text.systemTimer
                0x00000000000052a4       0x10 C:\Users\dvbahder\.platformio\packages\framework-arduinoasrmicro650x\cores\asr650x\projects\CubeCellLib.a(cyfitter_cfg.o)
                0x00000000000052a4                systemTimer
 .text.SetAnalogRoutingPumps
                0x00000000000052b4       0x1c C:\Users\dvbahder\.platformio\packages\framework-arduinoasrmicro650x\cores\asr650x\projects\CubeCellLib.a(cyfitter_cfg.o)
                0x00000000000052b4                SetAnalogRoutingPumps
 .text._ZN7OneWire5resetEv
                0x00000000000052d0       0xa4 .pio\build\cubecell_board\libfaa\libOneWire.a(OneWire.cpp.o)
                0x00000000000052d0                OneWire::reset()
 .text._ZN7OneWire9write_bitEh
                0x0000000000005374       0x74 .pio\build\cubecell_board\libfaa\libOneWire.a(OneWire.cpp.o)
                0x0000000000005374                OneWire::write_bit(unsigned char)
 .text._ZN7OneWire8read_bitEv
                0x00000000000053e8       0x64 .pio\build\cubecell_board\libfaa\libOneWire.a(OneWire.cpp.o)
                0x00000000000053e8                OneWire::read_bit()
 .text._ZN7OneWire5writeEhh
                0x000000000000544c       0x70 .pio\build\cubecell_board\libfaa\libOneWire.a(OneWire.cpp.o)
                0x000000000000544c                OneWire::write(unsigned char, unsigned char)
 .text._ZN7OneWire4readEv
                0x00000000000054bc       0x24 .pio\build\cubecell_board\libfaa\libOneWire.a(OneWire.cpp.o)
                0x00000000000054bc                OneWire::read()
 .text._ZN7OneWire6selectEPKh
                0x00000000000054e0       0x24 .pio\build\cubecell_board\libfaa\libOneWire.a(OneWire.cpp.o)
                0x00000000000054e0                OneWire::select(unsigned char const*)
 .text._ZN7OneWire4skipEv
                0x0000000000005504        0xc .pio\build\cubecell_board\libfaa\libOneWire.a(OneWire.cpp.o)
                0x0000000000005504                OneWire::skip()
 .text._ZN7OneWire12reset_searchEv
                0x0000000000005510        0xc .pio\build\cubecell_board\libfaa\libOneWire.a(OneWire.cpp.o)
                0x0000000000005510                OneWire::reset_search()
 .text._ZN7OneWire5beginEh
                0x000000000000551c       0x1c .pio\build\cubecell_board\libfaa\libOneWire.a(OneWire.cpp.o)
                0x000000000000551c                OneWire::begin(unsigned char)
 .text._ZN7OneWire6searchEPhb
                0x0000000000005538       0xe6 .pio\build\cubecell_board\libfaa\libOneWire.a(OneWire.cpp.o)
                0x0000000000005538                OneWire::search(unsigned char*, bool)
 *fill*         0x000000000000561e        0x2 
 .text._ZN7OneWire4crc8EPKhh
                0x0000000000005620       0x2c .pio\build\cubecell_board\libfaa\libOneWire.a(OneWire.cpp.o)
                0x0000000000005620                OneWire::crc8(unsigned char const*, unsigned char)
 .text._ZN17DallasTemperature11validFamilyEPKh
                0x000000000000564c       0x34 .pio\build\cubecell_board\libc04\libDallasTemperature.a(DallasTemperature.cpp.o)
                0x000000000000564c                DallasTemperature::validFamily(unsigned char const*)
 .text._ZN17DallasTemperature10setOneWireEP7OneWire
                0x0000000000005680       0x18 .pio\build\cubecell_board\libc04\libDallasTemperature.a(DallasTemperature.cpp.o)
                0x0000000000005680                DallasTemperature::setOneWire(OneWire*)
 .text._ZN17DallasTemperatureC2EP7OneWire
                0x0000000000005698       0x12 .pio\build\cubecell_board\libc04\libDallasTemperature.a(DallasTemperature.cpp.o)
                0x0000000000005698                DallasTemperature::DallasTemperature(OneWire*)
                0x0000000000005698                DallasTemperature::DallasTemperature(OneWire*)
 .text._ZN17DallasTemperature12validAddressEPKh
                0x00000000000056aa       0x18 .pio\build\cubecell_board\libc04\libDallasTemperature.a(DallasTemperature.cpp.o)
                0x00000000000056aa                DallasTemperature::validAddress(unsigned char const*)
 .text._ZN17DallasTemperature10getAddressEPhh
                0x00000000000056c2       0x3c .pio\build\cubecell_board\libc04\libDallasTemperature.a(DallasTemperature.cpp.o)
                0x00000000000056c2                DallasTemperature::getAddress(unsigned char*, unsigned char)
 .text._ZN17DallasTemperature14readScratchPadEPKhPh
                0x00000000000056fe       0x4a .pio\build\cubecell_board\libc04\libDallasTemperature.a(DallasTemperature.cpp.o)
                0x00000000000056fe                DallasTemperature::readScratchPad(unsigned char const*, unsigned char*)
 .text._ZN17DallasTemperature15readPowerSupplyEPKh
                0x0000000000005748       0x40 .pio\build\cubecell_board\libc04\libDallasTemperature.a(DallasTemperature.cpp.o)
                0x0000000000005748                DallasTemperature::readPowerSupply(unsigned char const*)
 .text._ZN17DallasTemperature20isConversionCompleteEv
                0x0000000000005788       0x12 .pio\build\cubecell_board\libc04\libDallasTemperature.a(DallasTemperature.cpp.o)
                0x0000000000005788                DallasTemperature::isConversionComplete()
 .text._ZN17DallasTemperature22activateExternalPullupEv
                0x000000000000579a       0x12 .pio\build\cubecell_board\libc04\libDallasTemperature.a(DallasTemperature.cpp.o)
                0x000000000000579a                DallasTemperature::activateExternalPullup()
 .text._ZN17DallasTemperature24deactivateExternalPullupEv
                0x00000000000057ac       0x12 .pio\build\cubecell_board\libc04\libDallasTemperature.a(DallasTemperature.cpp.o)
                0x00000000000057ac                DallasTemperature::deactivateExternalPullup()
 *fill*         0x00000000000057be        0x2 
 .text._ZN17DallasTemperature27blockTillConversionCompleteEh
                0x00000000000057c0       0x60 .pio\build\cubecell_board\libc04\libDallasTemperature.a(DallasTemperature.cpp.o)
                0x00000000000057c0                DallasTemperature::blockTillConversionComplete(unsigned char)
 .text._ZN17DallasTemperature19requestTemperaturesEv
                0x0000000000005820       0x2a .pio\build\cubecell_board\libc04\libDallasTemperature.a(DallasTemperature.cpp.o)
                0x0000000000005820                DallasTemperature::requestTemperatures()
 .text._ZN17DallasTemperature20calculateTemperatureEPKhPh
                0x000000000000584a       0x34 .pio\build\cubecell_board\libc04\libDallasTemperature.a(DallasTemperature.cpp.o)
                0x000000000000584a                DallasTemperature::calculateTemperature(unsigned char const*, unsigned char*)
 *fill*         0x000000000000587e        0x2 
 .text._ZN17DallasTemperature12rawToCelsiusEs
                0x0000000000005880       0x24 .pio\build\cubecell_board\libc04\libDallasTemperature.a(DallasTemperature.cpp.o)
                0x0000000000005880                DallasTemperature::rawToCelsius(short)
 .text._ZN17DallasTemperature10isAllZerosEPKhj
                0x00000000000058a4       0x18 .pio\build\cubecell_board\libc04\libDallasTemperature.a(DallasTemperature.cpp.o)
                0x00000000000058a4                DallasTemperature::isAllZeros(unsigned char const*, unsigned int)
 .text._ZN17DallasTemperature11isConnectedEPKhPh
                0x00000000000058bc       0x34 .pio\build\cubecell_board\libc04\libDallasTemperature.a(DallasTemperature.cpp.o)
                0x00000000000058bc                DallasTemperature::isConnected(unsigned char const*, unsigned char*)
 .text._ZN17DallasTemperature13getResolutionEPKh
                0x00000000000058f0       0x40 .pio\build\cubecell_board\libc04\libDallasTemperature.a(DallasTemperature.cpp.o)
                0x00000000000058f0                DallasTemperature::getResolution(unsigned char const*)
 .text._ZN17DallasTemperature5beginEv
                0x0000000000005930       0x6c .pio\build\cubecell_board\libc04\libDallasTemperature.a(DallasTemperature.cpp.o)
                0x0000000000005930                DallasTemperature::begin()
 .text._ZN17DallasTemperature7getTempEPKh
                0x000000000000599c       0x28 .pio\build\cubecell_board\libc04\libDallasTemperature.a(DallasTemperature.cpp.o)
                0x000000000000599c                DallasTemperature::getTemp(unsigned char const*)
 .text._ZN17DallasTemperature8getTempCEPKh
                0x00000000000059c4        0xc .pio\build\cubecell_board\libc04\libDallasTemperature.a(DallasTemperature.cpp.o)
                0x00000000000059c4                DallasTemperature::getTempC(unsigned char const*)
 .text._ZN17DallasTemperature15getTempCByIndexEh
                0x00000000000059d0       0x24 .pio\build\cubecell_board\libc04\libDallasTemperature.a(DallasTemperature.cpp.o)
                0x00000000000059d0                DallasTemperature::getTempCByIndex(unsigned char)
 .text._ZN10HX711MULTID2Ev
                0x00000000000059f4        0xe .pio\build\cubecell_board\lib34b\libHX711-multi.a(HX711-multi.cpp.o)
                0x00000000000059f4                HX711MULTI::~HX711MULTI()
                0x00000000000059f4                HX711MULTI::~HX711MULTI()
 .text._ZN10HX711MULTID0Ev
                0x0000000000005a02       0x14 .pio\build\cubecell_board\lib34b\libHX711-multi.a(HX711-multi.cpp.o)
                0x0000000000005a02                HX711MULTI::~HX711MULTI()
 .text._ZN10HX711MULTI8is_readyEv
                0x0000000000005a16       0x24 .pio\build\cubecell_board\lib34b\libHX711-multi.a(HX711-multi.cpp.o)
                0x0000000000005a16                HX711MULTI::is_ready()
 .text._ZN10HX711MULTI7readRawEPl
                0x0000000000005a3a       0xa4 .pio\build\cubecell_board\lib34b\libHX711-multi.a(HX711-multi.cpp.o)
                0x0000000000005a3a                HX711MULTI::readRaw(long*)
 .text._ZN10HX711MULTI8set_gainEh
                0x0000000000005ade       0x2e .pio\build\cubecell_board\lib34b\libHX711-multi.a(HX711-multi.cpp.o)
                0x0000000000005ade                HX711MULTI::set_gain(unsigned char)
 .text._ZN10HX711MULTIC2EiPhhh
                0x0000000000005b0c       0x60 .pio\build\cubecell_board\lib34b\libHX711-multi.a(HX711-multi.cpp.o)
                0x0000000000005b0c                HX711MULTI::HX711MULTI(int, unsigned char*, unsigned char, unsigned char)
                0x0000000000005b0c                HX711MULTI::HX711MULTI(int, unsigned char*, unsigned char, unsigned char)
 .text._ZN10HX711MULTI4readEPl
                0x0000000000005b6c       0x28 .pio\build\cubecell_board\lib34b\libHX711-multi.a(HX711-multi.cpp.o)
                0x0000000000005b6c                HX711MULTI::read(long*)
 .text._ZL11McpsConfirmP12sMcpsConfirm
                0x0000000000005b94        0xc .pio\build\cubecell_board\liba35\libLoRa.a(LoRaWan_APP.cpp.o)
 .text._ZL11MlmeConfirmP12sMlmeConfirm
                0x0000000000005ba0       0x54 .pio\build\cubecell_board\liba35\libLoRa.a(LoRaWan_APP.cpp.o)
 .text._ZL24OnTxNextPacketTimerEventv
                0x0000000000005bf4       0x68 .pio\build\cubecell_board\liba35\libLoRa.a(LoRaWan_APP.cpp.o)
 .text._ZL14MlmeIndicationP15sMlmeIndication
                0x0000000000005c5c        0xe .pio\build\cubecell_board\liba35\libLoRa.a(LoRaWan_APP.cpp.o)
 .text.getBatteryVoltage
                0x0000000000005c6a       0x28 .pio\build\cubecell_board\liba35\libLoRa.a(LoRaWan_APP.cpp.o)
                0x0000000000005c6a                getBatteryVoltage
 *fill*         0x0000000000005c92        0x2 
 .text.BoardGetBatteryLevel
                0x0000000000005c94       0x7c .pio\build\cubecell_board\liba35\libLoRa.a(LoRaWan_APP.cpp.o)
                0x0000000000005c94                BoardGetBatteryLevel
 .text.downLinkDataHandle
                0x0000000000005d10       0x58 .pio\build\cubecell_board\liba35\libLoRa.a(LoRaWan_APP.cpp.o)
                0x0000000000005d10                downLinkDataHandle
 .text._ZL14McpsIndicationP15sMcpsIndication
                0x0000000000005d68       0x38 .pio\build\cubecell_board\liba35\libLoRa.a(LoRaWan_APP.cpp.o)
 .text.lwan_dev_params_update
                0x0000000000005da0       0xa0 .pio\build\cubecell_board\liba35\libLoRa.a(LoRaWan_APP.cpp.o)
                0x0000000000005da0                lwan_dev_params_update
 .text.SendFrame
                0x0000000000005e40       0x8c .pio\build\cubecell_board\liba35\libLoRa.a(LoRaWan_APP.cpp.o)
                0x0000000000005e40                SendFrame
 .text._ZN12LoRaWanClass4initE12eDeviceClass16eLoRaMacRegion_t
                0x0000000000005ecc      0x114 .pio\build\cubecell_board\liba35\libLoRa.a(LoRaWan_APP.cpp.o)
                0x0000000000005ecc                LoRaWanClass::init(eDeviceClass, eLoRaMacRegion_t)
 .text._ZN12LoRaWanClass4joinEv
                0x0000000000005fe0       0xb0 .pio\build\cubecell_board\liba35\libLoRa.a(LoRaWan_APP.cpp.o)
                0x0000000000005fe0                LoRaWanClass::join()
 .text._ZN12LoRaWanClass4sendEv
                0x0000000000006090       0x3c .pio\build\cubecell_board\liba35\libLoRa.a(LoRaWan_APP.cpp.o)
                0x0000000000006090                LoRaWanClass::send()
 .text._ZN12LoRaWanClass5cycleEm
                0x00000000000060cc       0x18 .pio\build\cubecell_board\liba35\libLoRa.a(LoRaWan_APP.cpp.o)
                0x00000000000060cc                LoRaWanClass::cycle(unsigned long)
 .text._ZN12LoRaWanClass5sleepEv
                0x00000000000060e4       0x14 .pio\build\cubecell_board\liba35\libLoRa.a(LoRaWan_APP.cpp.o)
                0x00000000000060e4                LoRaWanClass::sleep()
 .text._ZN12LoRaWanClass10ifskipjoinEv
                0x00000000000060f8       0xfc .pio\build\cubecell_board\liba35\libLoRa.a(LoRaWan_APP.cpp.o)
                0x00000000000060f8                LoRaWanClass::ifskipjoin()
 .text._ZN6Stream9readBytesEPhj
                0x00000000000061f4        0xa .pio\build\cubecell_board\libFrameworkArduino.a(HardwareSerial.cpp.o)
                0x00000000000061f4                Stream::readBytes(unsigned char*, unsigned int)
 .text._ZN14HardwareSerial17availableForWriteEv
                0x00000000000061fe        0x4 .pio\build\cubecell_board\libFrameworkArduino.a(HardwareSerial.cpp.o)
                0x00000000000061fe                HardwareSerial::availableForWrite()
                0x00000000000061fe                HardwareSerial::peek()
 .text._ZN14HardwareSerialD2Ev
                0x0000000000006202        0x2 .pio\build\cubecell_board\libFrameworkArduino.a(HardwareSerial.cpp.o)
                0x0000000000006202                HardwareSerial::~HardwareSerial()
                0x0000000000006202                HardwareSerial::~HardwareSerial()
 .text._ZN14HardwareSerial9availableEv
                0x0000000000006204       0x16 .pio\build\cubecell_board\libFrameworkArduino.a(HardwareSerial.cpp.o)
                0x0000000000006204                HardwareSerial::available()
 .text._ZN14HardwareSerial4readEv
                0x000000000000621a       0x26 .pio\build\cubecell_board\libFrameworkArduino.a(HardwareSerial.cpp.o)
                0x000000000000621a                HardwareSerial::read()
 .text._ZN14HardwareSerial5flushEv
                0x0000000000006240       0x1c .pio\build\cubecell_board\libFrameworkArduino.a(HardwareSerial.cpp.o)
                0x0000000000006240                HardwareSerial::flush()
 .text._ZN14HardwareSerial5writeEh
                0x000000000000625c       0x1a .pio\build\cubecell_board\libFrameworkArduino.a(HardwareSerial.cpp.o)
                0x000000000000625c                HardwareSerial::write(unsigned char)
 .text._ZN14HardwareSerial5writeEPKhj
                0x0000000000006276       0x28 .pio\build\cubecell_board\libFrameworkArduino.a(HardwareSerial.cpp.o)
                0x0000000000006276                HardwareSerial::write(unsigned char const*, unsigned int)
 .text._ZN14HardwareSerialD0Ev
                0x000000000000629e        0xe .pio\build\cubecell_board\libFrameworkArduino.a(HardwareSerial.cpp.o)
                0x000000000000629e                HardwareSerial::~HardwareSerial()
 .text._ZN14HardwareSerial5beginEmambm
                0x00000000000062ac       0xb0 .pio\build\cubecell_board\libFrameworkArduino.a(HardwareSerial.cpp.o)
                0x00000000000062ac                HardwareSerial::begin(unsigned long, signed char, unsigned long, bool, unsigned long)
 .text.startup._GLOBAL__sub_I_Serial
                0x000000000000635c       0x5c .pio\build\cubecell_board\libFrameworkArduino.a(HardwareSerial.cpp.o)
 .text.SX126xIoInit
                0x00000000000063b8       0x44 .pio\build\cubecell_board\libFrameworkArduino.a(asr_board.c.o)
                0x00000000000063b8                SX126xIoInit
 .text.SX126xIoIrqInit
                0x00000000000063fc       0x14 .pio\build\cubecell_board\libFrameworkArduino.a(asr_board.c.o)
                0x00000000000063fc                SX126xIoIrqInit
 .text.SX126xGetBoardTcxoWakeupTime
                0x0000000000006410        0x4 .pio\build\cubecell_board\libFrameworkArduino.a(asr_board.c.o)
                0x0000000000006410                SX126xGetBoardTcxoWakeupTime
 .text.SX126xReset
                0x0000000000006414       0x50 .pio\build\cubecell_board\libFrameworkArduino.a(asr_board.c.o)
                0x0000000000006414                SX126xReset
 .text.SX126xWaitOnBusy
                0x0000000000006464       0x14 .pio\build\cubecell_board\libFrameworkArduino.a(asr_board.c.o)
                0x0000000000006464                SX126xWaitOnBusy
 .text.SX126xWakeup
                0x0000000000006478       0x38 .pio\build\cubecell_board\libFrameworkArduino.a(asr_board.c.o)
                0x0000000000006478                SX126xWakeup
 .text.SX126xWriteCommand
                0x00000000000064b0       0x50 .pio\build\cubecell_board\libFrameworkArduino.a(asr_board.c.o)
                0x00000000000064b0                SX126xWriteCommand
 .text.SX126xReadCommand
                0x0000000000006500       0x54 .pio\build\cubecell_board\libFrameworkArduino.a(asr_board.c.o)
                0x0000000000006500                SX126xReadCommand
 .text.SX126xWriteRegisters
                0x0000000000006554       0x5c .pio\build\cubecell_board\libFrameworkArduino.a(asr_board.c.o)
                0x0000000000006554                SX126xWriteRegisters
 .text.SX126xWriteRegister
                0x00000000000065b0       0x12 .pio\build\cubecell_board\libFrameworkArduino.a(asr_board.c.o)
                0x00000000000065b0                SX126xWriteRegister
 *fill*         0x00000000000065c2        0x2 
 .text.SX126xReadRegisters
                0x00000000000065c4       0x64 .pio\build\cubecell_board\libFrameworkArduino.a(asr_board.c.o)
                0x00000000000065c4                SX126xReadRegisters
 .text.SX126xReadRegister
                0x0000000000006628       0x12 .pio\build\cubecell_board\libFrameworkArduino.a(asr_board.c.o)
                0x0000000000006628                SX126xReadRegister
 *fill*         0x000000000000663a        0x2 
 .text.SX126xWriteBuffer
                0x000000000000663c       0x54 .pio\build\cubecell_board\libFrameworkArduino.a(asr_board.c.o)
                0x000000000000663c                SX126xWriteBuffer
 .text.SX126xReadBuffer
                0x0000000000006690       0x5c .pio\build\cubecell_board\libFrameworkArduino.a(asr_board.c.o)
                0x0000000000006690                SX126xReadBuffer
 .text.SX126xSetRfTxPower
                0x00000000000066ec        0xa .pio\build\cubecell_board\libFrameworkArduino.a(asr_board.c.o)
                0x00000000000066ec                SX126xSetRfTxPower
 .text.SX126xGetPaSelect
                0x00000000000066f6        0x4 .pio\build\cubecell_board\libFrameworkArduino.a(asr_board.c.o)
                0x00000000000066f6                SX126xGetPaSelect
 .text.SX126xAntSwOn
                0x00000000000066fa        0x2 .pio\build\cubecell_board\libFrameworkArduino.a(asr_board.c.o)
                0x00000000000066fa                SX126xAntSwOn
 .text.SX126xAntSwOff
                0x00000000000066fc        0x2 .pio\build\cubecell_board\libFrameworkArduino.a(asr_board.c.o)
                0x00000000000066fc                SX126xAntSwOff
 .text.BoardDisableIrq
                0x00000000000066fe        0x4 .pio\build\cubecell_board\libFrameworkArduino.a(asr_board.c.o)
                0x00000000000066fe                BoardDisableIrq
 .text.BoardEnableIrq
                0x0000000000006702        0x4 .pio\build\cubecell_board\libFrameworkArduino.a(asr_board.c.o)
                0x0000000000006702                BoardEnableIrq
 *fill*         0x0000000000006706        0x2 
 .text.boardInitMcu
                0x0000000000006708       0x54 .pio\build\cubecell_board\libFrameworkArduino.a(asr_board.c.o)
                0x0000000000006708                boardInitMcu
 .text.HW_Get_MFT_ID
                0x000000000000675c        0x8 .pio\build\cubecell_board\libFrameworkArduino.a(asr_board.c.o)
                0x000000000000675c                HW_Get_MFT_ID
 .text.HW_Get_MFT_Model
                0x0000000000006764        0x8 .pio\build\cubecell_board\libFrameworkArduino.a(asr_board.c.o)
                0x0000000000006764                HW_Get_MFT_Model
 .text.HW_Get_MFT_Rev
                0x000000000000676c        0x8 .pio\build\cubecell_board\libFrameworkArduino.a(asr_board.c.o)
                0x000000000000676c                HW_Get_MFT_Rev
 .text.HW_Get_MFT_SN
                0x0000000000006774       0x24 .pio\build\cubecell_board\libFrameworkArduino.a(asr_board.c.o)
                0x0000000000006774                HW_Get_MFT_SN
 .text.HW_Set_MFT_Baud
                0x0000000000006798       0x64 .pio\build\cubecell_board\libFrameworkArduino.a(asr_board.c.o)
                0x0000000000006798                HW_Set_MFT_Baud
 .text.HW_Get_MFT_Baud
                0x00000000000067fc        0xc .pio\build\cubecell_board\libFrameworkArduino.a(asr_board.c.o)
                0x00000000000067fc                HW_Get_MFT_Baud
 .text.GpioInit
                0x0000000000006808       0x12 .pio\build\cubecell_board\libFrameworkArduino.a(gpio.c.o)
                0x0000000000006808                GpioInit
 .text.GpioSetInterrupt
                0x000000000000681a        0x8 .pio\build\cubecell_board\libFrameworkArduino.a(gpio.c.o)
                0x000000000000681a                GpioSetInterrupt
 .text.GpioWrite
                0x0000000000006822        0x8 .pio\build\cubecell_board\libFrameworkArduino.a(gpio.c.o)
                0x0000000000006822                GpioWrite
 .text.GpioRead
                0x000000000000682a        0x8 .pio\build\cubecell_board\libFrameworkArduino.a(gpio.c.o)
                0x000000000000682a                GpioRead
 .text.SpiInit  0x0000000000006832        0x8 .pio\build\cubecell_board\libFrameworkArduino.a(spi-board.c.o)
                0x0000000000006832                SpiInit
 *fill*         0x000000000000683a        0x2 
 .text.SpiInOut
                0x000000000000683c       0x34 .pio\build\cubecell_board\libFrameworkArduino.a(spi-board.c.o)
                0x000000000000683c                SpiInOut
 .text.ADC_SAR_Seq_Init
                0x0000000000006870       0xd8 .pio\build\cubecell_board\libFrameworkArduino.a(ADC_SAR_Seq.c.o)
                0x0000000000006870                ADC_SAR_Seq_Init
 .text.ADC_SAR_Seq_Enable
                0x0000000000006948       0x2c .pio\build\cubecell_board\libFrameworkArduino.a(ADC_SAR_Seq.c.o)
                0x0000000000006948                ADC_SAR_Seq_Enable
 .text.ADC_SAR_Seq_Start
                0x0000000000006974       0x1c .pio\build\cubecell_board\libFrameworkArduino.a(ADC_SAR_Seq.c.o)
                0x0000000000006974                ADC_SAR_Seq_Start
 .text.ADC_SAR_Seq_Stop
                0x0000000000006990       0x10 .pio\build\cubecell_board\libFrameworkArduino.a(ADC_SAR_Seq.c.o)
                0x0000000000006990                ADC_SAR_Seq_Stop
 .text.ADC_SAR_Seq_StartConvert
                0x00000000000069a0        0xc .pio\build\cubecell_board\libFrameworkArduino.a(ADC_SAR_Seq.c.o)
                0x00000000000069a0                ADC_SAR_Seq_StartConvert
 .text.ADC_SAR_Seq_StopConvert
                0x00000000000069ac        0x2 .pio\build\cubecell_board\libFrameworkArduino.a(ADC_SAR_Seq.c.o)
                0x00000000000069ac                ADC_SAR_Seq_StopConvert
 *fill*         0x00000000000069ae        0x2 
 .text.ADC_SAR_Seq_IsEndConversion
                0x00000000000069b0       0x2c .pio\build\cubecell_board\libFrameworkArduino.a(ADC_SAR_Seq.c.o)
                0x00000000000069b0                ADC_SAR_Seq_IsEndConversion
 .text.ADC_SAR_Seq_GetResult16
                0x00000000000069dc       0x20 .pio\build\cubecell_board\libFrameworkArduino.a(ADC_SAR_Seq.c.o)
                0x00000000000069dc                ADC_SAR_Seq_GetResult16
 .text.ADC_SAR_Seq_CountsTo_mVolts
                0x00000000000069fc       0x50 .pio\build\cubecell_board\libFrameworkArduino.a(ADC_SAR_Seq.c.o)
                0x00000000000069fc                ADC_SAR_Seq_CountsTo_mVolts
 .text.ADC_SAR_Seq_ISR
                0x0000000000006a4c        0xc .pio\build\cubecell_board\libFrameworkArduino.a(ADC_SAR_Seq_INT.c.o)
                0x0000000000006a4c                ADC_SAR_Seq_ISR
 .text.PWM1_Stop
                0x0000000000006a58       0x34 .pio\build\cubecell_board\libFrameworkArduino.a(PWM1.c.o)
                0x0000000000006a58                PWM1_Stop
 .text.PWM2_Stop
                0x0000000000006a8c       0x34 .pio\build\cubecell_board\libFrameworkArduino.a(PWM2.c.o)
                0x0000000000006a8c                PWM2_Stop
 .text._ZN5Print5writeEPKc
                0x0000000000006ac0       0x1c .pio\build\cubecell_board\libFrameworkArduino.a(Print.cpp.o)
                0x0000000000006ac0                Print::write(char const*)
 .text._ZN5Print6printfEPKcz
                0x0000000000006adc       0x5a .pio\build\cubecell_board\libFrameworkArduino.a(Print.cpp.o)
                0x0000000000006adc                Print::printf(char const*, ...)
 .text._ZN5Print5printEPKc
                0x0000000000006b36        0x8 .pio\build\cubecell_board\libFrameworkArduino.a(Print.cpp.o)
                0x0000000000006b36                Print::print(char const*)
 .text._ZN5Print5printEc
                0x0000000000006b3e        0xa .pio\build\cubecell_board\libFrameworkArduino.a(Print.cpp.o)
                0x0000000000006b3e                Print::print(char)
 .text._ZN5Print7printlnEv
                0x0000000000006b48       0x10 .pio\build\cubecell_board\libFrameworkArduino.a(Print.cpp.o)
                0x0000000000006b48                Print::println()
 .text._ZN5Print7printlnEPKc
                0x0000000000006b58       0x14 .pio\build\cubecell_board\libFrameworkArduino.a(Print.cpp.o)
                0x0000000000006b58                Print::println(char const*)
 .text._ZN5Print11printNumberEmh
                0x0000000000006b6c       0x4e .pio\build\cubecell_board\libFrameworkArduino.a(Print.cpp.o)
                0x0000000000006b6c                Print::printNumber(unsigned long, unsigned char)
 .text._ZN5Print5printEli
                0x0000000000006bba       0x3e .pio\build\cubecell_board\libFrameworkArduino.a(Print.cpp.o)
                0x0000000000006bba                Print::print(long, int)
 .text._ZN5Print5printEii
                0x0000000000006bf8        0x8 .pio\build\cubecell_board\libFrameworkArduino.a(Print.cpp.o)
                0x0000000000006bf8                Print::print(int, int)
 .text._ZN5Print7printlnEii
                0x0000000000006c00       0x14 .pio\build\cubecell_board\libFrameworkArduino.a(Print.cpp.o)
                0x0000000000006c00                Print::println(int, int)
 .text._ZN5Print7printlnEli
                0x0000000000006c14       0x14 .pio\build\cubecell_board\libFrameworkArduino.a(Print.cpp.o)
                0x0000000000006c14                Print::println(long, int)
 .text._ZN5Print5printEmi
                0x0000000000006c28       0x18 .pio\build\cubecell_board\libFrameworkArduino.a(Print.cpp.o)
                0x0000000000006c28                Print::print(unsigned long, int)
 .text._ZN5Print10printFloatEdh
                0x0000000000006c40      0x168 .pio\build\cubecell_board\libFrameworkArduino.a(Print.cpp.o)
                0x0000000000006c40                Print::printFloat(double, unsigned char)
 .text._ZN5Print7printlnEdi
                0x0000000000006da8       0x1a .pio\build\cubecell_board\libFrameworkArduino.a(Print.cpp.o)
                0x0000000000006da8                Print::println(double, int)
 .text._ZN6Stream9timedReadEv
                0x0000000000006dc2       0x2a .pio\build\cubecell_board\libFrameworkArduino.a(Stream.cpp.o)
                0x0000000000006dc2                Stream::timedRead()
 .text._ZN6Stream9readBytesEPcj
                0x0000000000006dec       0x22 .pio\build\cubecell_board\libFrameworkArduino.a(Stream.cpp.o)
                0x0000000000006dec                Stream::readBytes(char*, unsigned int)
 *fill*         0x0000000000006e0e        0x2 
 .text._ZN6Stream10readStringEv
                0x0000000000006e10       0x28 .pio\build\cubecell_board\libFrameworkArduino.a(Stream.cpp.o)
                0x0000000000006e10                Stream::readString()
 .text._ZN6String10invalidateEv
                0x0000000000006e38       0x18 .pio\build\cubecell_board\libFrameworkArduino.a(WString.cpp.o)
                0x0000000000006e38                String::invalidate()
 .text._ZN6String12changeBufferEj
                0x0000000000006e50       0x3a .pio\build\cubecell_board\libFrameworkArduino.a(WString.cpp.o)
                0x0000000000006e50                String::changeBuffer(unsigned int)
 .text._ZN6String7reserveEj
                0x0000000000006e8a       0x2a .pio\build\cubecell_board\libFrameworkArduino.a(WString.cpp.o)
                0x0000000000006e8a                String::reserve(unsigned int)
 .text._ZN6String4copyEPKcj
                0x0000000000006eb4       0x28 .pio\build\cubecell_board\libFrameworkArduino.a(WString.cpp.o)
                0x0000000000006eb4                String::copy(char const*, unsigned int)
 .text._ZN6StringC2EPKc
                0x0000000000006edc       0x26 .pio\build\cubecell_board\libFrameworkArduino.a(WString.cpp.o)
                0x0000000000006edc                String::String(char const*)
                0x0000000000006edc                String::String(char const*)
 .text._ZN6String6concatEPKcj
                0x0000000000006f02       0x32 .pio\build\cubecell_board\libFrameworkArduino.a(WString.cpp.o)
                0x0000000000006f02                String::concat(char const*, unsigned int)
 .text._ZN6String6concatEc
                0x0000000000006f34       0x16 .pio\build\cubecell_board\libFrameworkArduino.a(WString.cpp.o)
                0x0000000000006f34                String::concat(char)
 *fill*         0x0000000000006f4a        0x2 
 .text.global_irq_SetPriority
                0x0000000000006f4c       0x20 .pio\build\cubecell_board\libFrameworkArduino.a(irq.c.o)
                0x0000000000006f4c                global_irq_SetPriority
 .text.global_irq_StartEx
                0x0000000000006f6c       0x24 .pio\build\cubecell_board\libFrameworkArduino.a(irq.c.o)
                0x0000000000006f6c                global_irq_StartEx
 .text.global_irq_Disable
                0x0000000000006f90        0xc .pio\build\cubecell_board\libFrameworkArduino.a(irq.c.o)
                0x0000000000006f90                global_irq_Disable
 .text.RadioCheckRfFrequency
                0x0000000000006f9c        0x4 .pio\build\cubecell_board\libFrameworkArduino.a(radio.c.o)
                0x0000000000006f9c                RadioCheckRfFrequency
 .text.RadioOnDioIrq
                0x0000000000006fa0        0xc .pio\build\cubecell_board\libFrameworkArduino.a(radio.c.o)
                0x0000000000006fa0                RadioOnDioIrq
 .text.RadioStandby
                0x0000000000006fac        0xa .pio\build\cubecell_board\libFrameworkArduino.a(radio.c.o)
                0x0000000000006fac                RadioStandby
 *fill*         0x0000000000006fb6        0x2 
 .text.RadioInit
                0x0000000000006fb8       0x6c .pio\build\cubecell_board\libFrameworkArduino.a(radio.c.o)
                0x0000000000006fb8                RadioInit
 .text.RadioGetStatus
                0x0000000000007024       0x1a .pio\build\cubecell_board\libFrameworkArduino.a(radio.c.o)
                0x0000000000007024                RadioGetStatus
 .text.RadioSetChannel
                0x000000000000703e        0x8 .pio\build\cubecell_board\libFrameworkArduino.a(radio.c.o)
                0x000000000000703e                RadioSetChannel
 .text.RadioRssi
                0x0000000000007046        0xa .pio\build\cubecell_board\libFrameworkArduino.a(radio.c.o)
                0x0000000000007046                RadioRssi
 .text.RadioSyncWord
                0x0000000000007050       0x10 .pio\build\cubecell_board\libFrameworkArduino.a(radio.c.o)
                0x0000000000007050                RadioSyncWord
 .text.RadioSend
                0x0000000000007060       0x58 .pio\build\cubecell_board\libFrameworkArduino.a(radio.c.o)
                0x0000000000007060                RadioSend
 .text.RadioSleep
                0x00000000000070b8       0x10 .pio\build\cubecell_board\libFrameworkArduino.a(radio.c.o)
                0x00000000000070b8                RadioSleep
 .text.RadioSetRxDutyCycle
                0x00000000000070c8        0x8 .pio\build\cubecell_board\libFrameworkArduino.a(radio.c.o)
                0x00000000000070c8                RadioSetRxDutyCycle
 .text.RadioStartCad
                0x00000000000070d0       0x64 .pio\build\cubecell_board\libFrameworkArduino.a(radio.c.o)
                0x00000000000070d0                RadioStartCad
 .text.RadioSetTxContinuousWave
                0x0000000000007134       0x44 .pio\build\cubecell_board\libFrameworkArduino.a(radio.c.o)
                0x0000000000007134                RadioSetTxContinuousWave
 .text.RadioWrite
                0x0000000000007178        0x8 .pio\build\cubecell_board\libFrameworkArduino.a(radio.c.o)
                0x0000000000007178                RadioWrite
 .text.RadioRead
                0x0000000000007180        0x8 .pio\build\cubecell_board\libFrameworkArduino.a(radio.c.o)
                0x0000000000007180                RadioRead
 .text.RadioWriteBuffer
                0x0000000000007188        0x8 .pio\build\cubecell_board\libFrameworkArduino.a(radio.c.o)
                0x0000000000007188                RadioWriteBuffer
 .text.RadioReadBuffer
                0x0000000000007190        0x8 .pio\build\cubecell_board\libFrameworkArduino.a(radio.c.o)
                0x0000000000007190                RadioReadBuffer
 .text.RadioGetWakeupTime
                0x0000000000007198        0xa .pio\build\cubecell_board\libFrameworkArduino.a(radio.c.o)
                0x0000000000007198                RadioGetWakeupTime
 *fill*         0x00000000000071a2        0x2 
 .text.RadioOnTxTimeoutIrq
                0x00000000000071a4       0x20 .pio\build\cubecell_board\libFrameworkArduino.a(radio.c.o)
                0x00000000000071a4                RadioOnTxTimeoutIrq
 .text.RadioOnRxTimeoutIrq
                0x00000000000071c4       0x20 .pio\build\cubecell_board\libFrameworkArduino.a(radio.c.o)
                0x00000000000071c4                RadioOnRxTimeoutIrq
 .text.RadioOnCadTimeoutIrq
                0x00000000000071e4       0x20 .pio\build\cubecell_board\libFrameworkArduino.a(radio.c.o)
                0x00000000000071e4                RadioOnCadTimeoutIrq
 .text.RadioGetFskBandwidthRegValue
                0x0000000000007204       0x34 .pio\build\cubecell_board\libFrameworkArduino.a(radio.c.o)
 .text.RadioSetMaxPayloadLength
                0x0000000000007238       0x38 .pio\build\cubecell_board\libFrameworkArduino.a(radio.c.o)
                0x0000000000007238                RadioSetMaxPayloadLength
 .text.RadioRx  0x0000000000007270       0x54 .pio\build\cubecell_board\libFrameworkArduino.a(radio.c.o)
                0x0000000000007270                RadioRx
 .text.RadioRxBoosted
                0x00000000000072c4       0x48 .pio\build\cubecell_board\libFrameworkArduino.a(radio.c.o)
                0x00000000000072c4                RadioRxBoosted
 .text.RadioIrqProcess
                0x000000000000730c      0x13c .pio\build\cubecell_board\libFrameworkArduino.a(radio.c.o)
                0x000000000000730c                RadioIrqProcess
 .text.RadioSetPublicNetwork
                0x0000000000007448       0x40 .pio\build\cubecell_board\libFrameworkArduino.a(radio.c.o)
                0x0000000000007448                RadioSetPublicNetwork
 .text.RadioSetModem.part.0
                0x0000000000007488       0x20 .pio\build\cubecell_board\libFrameworkArduino.a(radio.c.o)
 .text.RadioSetModem
                0x00000000000074a8       0x20 .pio\build\cubecell_board\libFrameworkArduino.a(radio.c.o)
                0x00000000000074a8                RadioSetModem
 .text.RadioIsChannelFree
                0x00000000000074c8       0x50 .pio\build\cubecell_board\libFrameworkArduino.a(radio.c.o)
                0x00000000000074c8                RadioIsChannelFree
 .text.RadioRandom
                0x0000000000007518       0x38 .pio\build\cubecell_board\libFrameworkArduino.a(radio.c.o)
                0x0000000000007518                RadioRandom
 .text.RadioSymbTime
                0x0000000000007550       0x2c .pio\build\cubecell_board\libFrameworkArduino.a(radio.c.o)
                0x0000000000007550                RadioSymbTime
 .text.RadioSetRxConfig
                0x000000000000757c      0x23c .pio\build\cubecell_board\libFrameworkArduino.a(radio.c.o)
                0x000000000000757c                RadioSetRxConfig
 .text.RadioSetTxConfig
                0x00000000000077b8      0x1c4 .pio\build\cubecell_board\libFrameworkArduino.a(radio.c.o)
                0x00000000000077b8                RadioSetTxConfig
 .text.RadioTimeOnAir
                0x000000000000797c      0x198 .pio\build\cubecell_board\libFrameworkArduino.a(radio.c.o)
                0x000000000000797c                RadioTimeOnAir
 .text.SX126xGetOperatingMode
                0x0000000000007b14        0xc .pio\build\cubecell_board\libFrameworkArduino.a(sx126x.c.o)
                0x0000000000007b14                SX126xGetOperatingMode
 .text.SX126xSetOperatingMode
                0x0000000000007b20        0xc .pio\build\cubecell_board\libFrameworkArduino.a(sx126x.c.o)
                0x0000000000007b20                SX126xSetOperatingMode
 .text.SX126xCheckDeviceReady
                0x0000000000007b2c       0x24 .pio\build\cubecell_board\libFrameworkArduino.a(sx126x.c.o)
                0x0000000000007b2c                SX126xCheckDeviceReady
 .text.SX126xSetPayload
                0x0000000000007b50        0xe .pio\build\cubecell_board\libFrameworkArduino.a(sx126x.c.o)
                0x0000000000007b50                SX126xSetPayload
 .text.SX126xSetSyncWord
                0x0000000000007b5e       0x10 .pio\build\cubecell_board\libFrameworkArduino.a(sx126x.c.o)
                0x0000000000007b5e                SX126xSetSyncWord
 *fill*         0x0000000000007b6e        0x2 
 .text.SX126xSetCrcSeed
                0x0000000000007b70       0x24 .pio\build\cubecell_board\libFrameworkArduino.a(sx126x.c.o)
                0x0000000000007b70                SX126xSetCrcSeed
 .text.SX126xSetCrcPolynomial
                0x0000000000007b94       0x24 .pio\build\cubecell_board\libFrameworkArduino.a(sx126x.c.o)
                0x0000000000007b94                SX126xSetCrcPolynomial
 .text.SX126xSetWhiteningSeed
                0x0000000000007bb8       0x3c .pio\build\cubecell_board\libFrameworkArduino.a(sx126x.c.o)
                0x0000000000007bb8                SX126xSetWhiteningSeed
 .text.SX126xSetSleep
                0x0000000000007bf4       0x20 .pio\build\cubecell_board\libFrameworkArduino.a(sx126x.c.o)
                0x0000000000007bf4                SX126xSetSleep
 .text.SX126xSetStandby
                0x0000000000007c14       0x28 .pio\build\cubecell_board\libFrameworkArduino.a(sx126x.c.o)
                0x0000000000007c14                SX126xSetStandby
 .text.SX126xSetTx
                0x0000000000007c3c       0x24 .pio\build\cubecell_board\libFrameworkArduino.a(sx126x.c.o)
                0x0000000000007c3c                SX126xSetTx
 .text.SX126xSendPayload
                0x0000000000007c60       0x10 .pio\build\cubecell_board\libFrameworkArduino.a(sx126x.c.o)
                0x0000000000007c60                SX126xSendPayload
 .text.SX126xSetRx
                0x0000000000007c70       0x24 .pio\build\cubecell_board\libFrameworkArduino.a(sx126x.c.o)
                0x0000000000007c70                SX126xSetRx
 .text.SX126xSetRxBoosted
                0x0000000000007c94       0x30 .pio\build\cubecell_board\libFrameworkArduino.a(sx126x.c.o)
                0x0000000000007c94                SX126xSetRxBoosted
 .text.SX126xSetRxDutyCycle
                0x0000000000007cc4       0x2c .pio\build\cubecell_board\libFrameworkArduino.a(sx126x.c.o)
                0x0000000000007cc4                SX126xSetRxDutyCycle
 .text.SX126xSetCad
                0x0000000000007cf0       0x18 .pio\build\cubecell_board\libFrameworkArduino.a(sx126x.c.o)
                0x0000000000007cf0                SX126xSetCad
 .text.SX126xSetTxContinuousWave
                0x0000000000007d08        0xe .pio\build\cubecell_board\libFrameworkArduino.a(sx126x.c.o)
                0x0000000000007d08                SX126xSetTxContinuousWave
 .text.SX126xSetStopRxTimerOnPreambleDetect
                0x0000000000007d16       0x12 .pio\build\cubecell_board\libFrameworkArduino.a(sx126x.c.o)
                0x0000000000007d16                SX126xSetStopRxTimerOnPreambleDetect
 .text.SX126xSetLoRaSymbNumTimeout
                0x0000000000007d28       0x12 .pio\build\cubecell_board\libFrameworkArduino.a(sx126x.c.o)
                0x0000000000007d28                SX126xSetLoRaSymbNumTimeout
 .text.SX126xSetRegulatorMode
                0x0000000000007d3a       0x12 .pio\build\cubecell_board\libFrameworkArduino.a(sx126x.c.o)
                0x0000000000007d3a                SX126xSetRegulatorMode
 .text.SX126xCalibrate
                0x0000000000007d4c       0x10 .pio\build\cubecell_board\libFrameworkArduino.a(sx126x.c.o)
                0x0000000000007d4c                SX126xCalibrate
 .text.SX126xCalibrateImage
                0x0000000000007d5c       0x68 .pio\build\cubecell_board\libFrameworkArduino.a(sx126x.c.o)
                0x0000000000007d5c                SX126xCalibrateImage
 .text.SX126xSetPaConfig
                0x0000000000007dc4       0x18 .pio\build\cubecell_board\libFrameworkArduino.a(sx126x.c.o)
                0x0000000000007dc4                SX126xSetPaConfig
 .text.SX126xSetDioIrqParams
                0x0000000000007ddc       0x20 .pio\build\cubecell_board\libFrameworkArduino.a(sx126x.c.o)
                0x0000000000007ddc                SX126xSetDioIrqParams
 .text.SX126xGetIrqStatus
                0x0000000000007dfc       0x1a .pio\build\cubecell_board\libFrameworkArduino.a(sx126x.c.o)
                0x0000000000007dfc                SX126xGetIrqStatus
 .text.SX126xSetDio2AsRfSwitchCtrl
                0x0000000000007e16       0x12 .pio\build\cubecell_board\libFrameworkArduino.a(sx126x.c.o)
                0x0000000000007e16                SX126xSetDio2AsRfSwitchCtrl
 .text.SX126xSetDio3AsTcxoCtrl
                0x0000000000007e28       0x1e .pio\build\cubecell_board\libFrameworkArduino.a(sx126x.c.o)
                0x0000000000007e28                SX126xSetDio3AsTcxoCtrl
 *fill*         0x0000000000007e46        0x2 
 .text.SX126xInit
                0x0000000000007e48       0x4c .pio\build\cubecell_board\libFrameworkArduino.a(sx126x.c.o)
                0x0000000000007e48                SX126xInit
 .text.SX126xSetRfFrequency
                0x0000000000007e94       0x40 .pio\build\cubecell_board\libFrameworkArduino.a(sx126x.c.o)
                0x0000000000007e94                SX126xSetRfFrequency
 .text.SX126xSetPacketType
                0x0000000000007ed4       0x1c .pio\build\cubecell_board\libFrameworkArduino.a(sx126x.c.o)
                0x0000000000007ed4                SX126xSetPacketType
 .text.SX126xGetPacketType
                0x0000000000007ef0        0xc .pio\build\cubecell_board\libFrameworkArduino.a(sx126x.c.o)
                0x0000000000007ef0                SX126xGetPacketType
 .text.SX126xSetTxParams
                0x0000000000007efc       0xb4 .pio\build\cubecell_board\libFrameworkArduino.a(sx126x.c.o)
                0x0000000000007efc                SX126xSetTxParams
 .text.SX126xSetModulationParams
                0x0000000000007fb0       0xa0 .pio\build\cubecell_board\libFrameworkArduino.a(sx126x.c.o)
                0x0000000000007fb0                SX126xSetModulationParams
 .text.SX126xSetPacketParams
                0x0000000000008050       0xa8 .pio\build\cubecell_board\libFrameworkArduino.a(sx126x.c.o)
                0x0000000000008050                SX126xSetPacketParams
 .text.SX126xSetCadParams
                0x00000000000080f8       0x30 .pio\build\cubecell_board\libFrameworkArduino.a(sx126x.c.o)
                0x00000000000080f8                SX126xSetCadParams
 .text.SX126xSetBufferBaseAddress
                0x0000000000008128       0x14 .pio\build\cubecell_board\libFrameworkArduino.a(sx126x.c.o)
                0x0000000000008128                SX126xSetBufferBaseAddress
 .text.SX126xGetRssiInst
                0x000000000000813c       0x16 .pio\build\cubecell_board\libFrameworkArduino.a(sx126x.c.o)
                0x000000000000813c                SX126xGetRssiInst
 *fill*         0x0000000000008152        0x2 
 .text.SX126xGetRxBufferStatus
                0x0000000000008154       0x4c .pio\build\cubecell_board\libFrameworkArduino.a(sx126x.c.o)
                0x0000000000008154                SX126xGetRxBufferStatus
 .text.SX126xGetPayload
                0x00000000000081a0       0x2c .pio\build\cubecell_board\libFrameworkArduino.a(sx126x.c.o)
                0x00000000000081a0                SX126xGetPayload
 .text.SX126xGetPacketStatus
                0x00000000000081cc       0x78 .pio\build\cubecell_board\libFrameworkArduino.a(sx126x.c.o)
                0x00000000000081cc                SX126xGetPacketStatus
 .text.SX126xClearIrqStatus
                0x0000000000008244       0x12 .pio\build\cubecell_board\libFrameworkArduino.a(sx126x.c.o)
                0x0000000000008244                SX126xClearIrqStatus
 *fill*         0x0000000000008256        0x2 
 .text.SetMlmeScheduleUplinkIndication
                0x0000000000008258       0x14 .pio\build\cubecell_board\libFrameworkArduino.a(LoRaMac.c.o)
 .text.AddMacCommand
                0x000000000000826c      0x188 .pio\build\cubecell_board\libFrameworkArduino.a(LoRaMac.c.o)
 .text.ResetMacParameters
                0x00000000000083f4       0x9c .pio\build\cubecell_board\libFrameworkArduino.a(LoRaMac.c.o)
 .text.OnAckTimeoutTimerEvent
                0x0000000000008490       0x44 .pio\build\cubecell_board\libFrameworkArduino.a(LoRaMac.c.o)
 .text.ValidatePayloadLength
                0x00000000000084d4       0x58 .pio\build\cubecell_board\libFrameworkArduino.a(LoRaMac.c.o)
 .text.PrepareRxDoneAbort
                0x000000000000852c       0x40 .pio\build\cubecell_board\libFrameworkArduino.a(LoRaMac.c.o)
 .text.ProcessMacCommands
                0x000000000000856c      0x428 .pio\build\cubecell_board\libFrameworkArduino.a(LoRaMac.c.o)
 .text.OnRadioRxDone
                0x0000000000008994      0x5e0 .pio\build\cubecell_board\libFrameworkArduino.a(LoRaMac.c.o)
                0x0000000000008994                OnRadioRxDone
 .text.RxWindowSetup
                0x0000000000008f74       0x18 .pio\build\cubecell_board\libFrameworkArduino.a(LoRaMac.c.o)
 .text.OnRxWindow1TimerEvent
                0x0000000000008f8c       0x80 .pio\build\cubecell_board\libFrameworkArduino.a(LoRaMac.c.o)
 .text.OnRxWindow2TimerEvent
                0x000000000000900c       0x74 .pio\build\cubecell_board\libFrameworkArduino.a(LoRaMac.c.o)
 .text.OpenContinuousRx2Window
                0x0000000000009080       0x14 .pio\build\cubecell_board\libFrameworkArduino.a(LoRaMac.c.o)
 .text.OnRadioRxTimeout
                0x0000000000009094       0xf8 .pio\build\cubecell_board\libFrameworkArduino.a(LoRaMac.c.o)
 .text.OnRadioTxTimeout
                0x000000000000918c       0x44 .pio\build\cubecell_board\libFrameworkArduino.a(LoRaMac.c.o)
 .text.OnRadioRxError
                0x00000000000091d0       0xf8 .pio\build\cubecell_board\libFrameworkArduino.a(LoRaMac.c.o)
 .text.OnRadioTxDone
                0x00000000000092c8      0x14c .pio\build\cubecell_board\libFrameworkArduino.a(LoRaMac.c.o)
 .text.PrepareFrame
                0x0000000000009414      0x344 .pio\build\cubecell_board\libFrameworkArduino.a(LoRaMac.c.o)
                0x0000000000009414                PrepareFrame
 .text.SendFrameOnChannel
                0x0000000000009758      0x11c .pio\build\cubecell_board\libFrameworkArduino.a(LoRaMac.c.o)
                0x0000000000009758                SendFrameOnChannel
 .text.ScheduleTx
                0x0000000000009874      0x1c8 .pio\build\cubecell_board\libFrameworkArduino.a(LoRaMac.c.o)
 .text.Send     0x0000000000009a3c       0x4c .pio\build\cubecell_board\libFrameworkArduino.a(LoRaMac.c.o)
                0x0000000000009a3c                Send
 .text.OnTxDelayedTimerEvent
                0x0000000000009a88       0x74 .pio\build\cubecell_board\libFrameworkArduino.a(LoRaMac.c.o)
 .text.OnMacStateCheckTimerEvent
                0x0000000000009afc      0x324 .pio\build\cubecell_board\libFrameworkArduino.a(LoRaMac.c.o)
 .text.SetTxContinuousWave
                0x0000000000009e20       0x64 .pio\build\cubecell_board\libFrameworkArduino.a(LoRaMac.c.o)
                0x0000000000009e20                SetTxContinuousWave
 .text.SetTxContinuousWave1
                0x0000000000009e84       0x3c .pio\build\cubecell_board\libFrameworkArduino.a(LoRaMac.c.o)
                0x0000000000009e84                SetTxContinuousWave1
 .text.LoRaMacInitialization
                0x0000000000009ec0      0x2f0 .pio\build\cubecell_board\libFrameworkArduino.a(LoRaMac.c.o)
                0x0000000000009ec0                LoRaMacInitialization
 .text.LoRaMacQueryTxPossible
                0x000000000000a1b0       0xd0 .pio\build\cubecell_board\libFrameworkArduino.a(LoRaMac.c.o)
                0x000000000000a1b0                LoRaMacQueryTxPossible
 .text.LoRaMacMibGetRequestConfirm
                0x000000000000a280      0x13c .pio\build\cubecell_board\libFrameworkArduino.a(LoRaMac.c.o)
                0x000000000000a280                LoRaMacMibGetRequestConfirm
 .text.LoRaMacChannelAdd
                0x000000000000a3bc       0x34 .pio\build\cubecell_board\libFrameworkArduino.a(LoRaMac.c.o)
                0x000000000000a3bc                LoRaMacChannelAdd
 .text.LoRaMacMulticastChannelLink
                0x000000000000a3f0       0x3c .pio\build\cubecell_board\libFrameworkArduino.a(LoRaMac.c.o)
                0x000000000000a3f0                LoRaMacMulticastChannelLink
 .text.LoRaMacMulticastChannelUnlink
                0x000000000000a42c       0x40 .pio\build\cubecell_board\libFrameworkArduino.a(LoRaMac.c.o)
                0x000000000000a42c                LoRaMacMulticastChannelUnlink
 .text.LoRaMacMibSetRequestConfirm
                0x000000000000a46c      0x36c .pio\build\cubecell_board\libFrameworkArduino.a(LoRaMac.c.o)
                0x000000000000a46c                LoRaMacMibSetRequestConfirm
 .text.LoRaMacMlmeRequest
                0x000000000000a7d8      0x228 .pio\build\cubecell_board\libFrameworkArduino.a(LoRaMac.c.o)
                0x000000000000a7d8                LoRaMacMlmeRequest
 .text.LoRaMacMcpsRequest
                0x000000000000aa00      0x14c .pio\build\cubecell_board\libFrameworkArduino.a(LoRaMac.c.o)
                0x000000000000aa00                LoRaMacMcpsRequest
 .text.LoRaMacConfirmQueueInit
                0x000000000000ab4c       0x28 .pio\build\cubecell_board\libFrameworkArduino.a(LoRaMacConfirmQueue.c.o)
                0x000000000000ab4c                LoRaMacConfirmQueueInit
 .text.LoRaMacConfirmQueueAdd
                0x000000000000ab74       0x3c .pio\build\cubecell_board\libFrameworkArduino.a(LoRaMacConfirmQueue.c.o)
                0x000000000000ab74                LoRaMacConfirmQueueAdd
 .text.LoRaMacConfirmQueueRemoveLast
                0x000000000000abb0       0x28 .pio\build\cubecell_board\libFrameworkArduino.a(LoRaMacConfirmQueue.c.o)
                0x000000000000abb0                LoRaMacConfirmQueueRemoveLast
 .text.LoRaMacConfirmQueueRemoveFirst
                0x000000000000abd8       0x28 .pio\build\cubecell_board\libFrameworkArduino.a(LoRaMacConfirmQueue.c.o)
                0x000000000000abd8                LoRaMacConfirmQueueRemoveFirst
 .text.LoRaMacConfirmQueueSetStatus
                0x000000000000ac00       0x38 .pio\build\cubecell_board\libFrameworkArduino.a(LoRaMacConfirmQueue.c.o)
                0x000000000000ac00                LoRaMacConfirmQueueSetStatus
 .text.LoRaMacConfirmQueueGetStatus
                0x000000000000ac38       0x38 .pio\build\cubecell_board\libFrameworkArduino.a(LoRaMacConfirmQueue.c.o)
                0x000000000000ac38                LoRaMacConfirmQueueGetStatus
 .text.LoRaMacConfirmQueueSetStatusCmn
                0x000000000000ac70       0x38 .pio\build\cubecell_board\libFrameworkArduino.a(LoRaMacConfirmQueue.c.o)
                0x000000000000ac70                LoRaMacConfirmQueueSetStatusCmn
 .text.LoRaMacConfirmQueueGetStatusCmn
                0x000000000000aca8        0xc .pio\build\cubecell_board\libFrameworkArduino.a(LoRaMacConfirmQueue.c.o)
                0x000000000000aca8                LoRaMacConfirmQueueGetStatusCmn
 .text.LoRaMacConfirmQueueIsCmdActive
                0x000000000000acb4       0x30 .pio\build\cubecell_board\libFrameworkArduino.a(LoRaMacConfirmQueue.c.o)
                0x000000000000acb4                LoRaMacConfirmQueueIsCmdActive
 .text.LoRaMacConfirmQueueHandleCb
                0x000000000000ace4       0x54 .pio\build\cubecell_board\libFrameworkArduino.a(LoRaMacConfirmQueue.c.o)
                0x000000000000ace4                LoRaMacConfirmQueueHandleCb
 .text.LoRaMacConfirmQueueGetCnt
                0x000000000000ad38        0xc .pio\build\cubecell_board\libFrameworkArduino.a(LoRaMacConfirmQueue.c.o)
                0x000000000000ad38                LoRaMacConfirmQueueGetCnt
 .text.LoRaMacConfirmQueueIsFull
                0x000000000000ad44       0x14 .pio\build\cubecell_board\libFrameworkArduino.a(LoRaMacConfirmQueue.c.o)
                0x000000000000ad44                LoRaMacConfirmQueueIsFull
 .text.LoRaMacComputeMic
                0x000000000000ad58       0x84 .pio\build\cubecell_board\libFrameworkArduino.a(LoRaMacCrypto.c.o)
                0x000000000000ad58                LoRaMacComputeMic
 .text.LoRaMacPayloadEncrypt
                0x000000000000addc       0xe0 .pio\build\cubecell_board\libFrameworkArduino.a(LoRaMacCrypto.c.o)
                0x000000000000addc                LoRaMacPayloadEncrypt
 .text.LoRaMacPayloadDecrypt
                0x000000000000aebc       0x1a .pio\build\cubecell_board\libFrameworkArduino.a(LoRaMacCrypto.c.o)
                0x000000000000aebc                LoRaMacPayloadDecrypt
 *fill*         0x000000000000aed6        0x2 
 .text.LoRaMacJoinComputeMic
                0x000000000000aed8       0x50 .pio\build\cubecell_board\libFrameworkArduino.a(LoRaMacCrypto.c.o)
                0x000000000000aed8                LoRaMacJoinComputeMic
 .text.LoRaMacJoinDecrypt
                0x000000000000af28       0x44 .pio\build\cubecell_board\libFrameworkArduino.a(LoRaMacCrypto.c.o)
                0x000000000000af28                LoRaMacJoinDecrypt
 .text.LoRaMacJoinComputeSKeys
                0x000000000000af6c       0x9c .pio\build\cubecell_board\libFrameworkArduino.a(LoRaMacCrypto.c.o)
                0x000000000000af6c                LoRaMacJoinComputeSKeys
 .text.LoRaMacBeaconComputePingOffset
                0x000000000000b008       0x74 .pio\build\cubecell_board\libFrameworkArduino.a(LoRaMacCrypto.c.o)
                0x000000000000b008                LoRaMacBeaconComputePingOffset
 .text.RegionIsActive
                0x000000000000b07c        0xa .pio\build\cubecell_board\libFrameworkArduino.a(Region.c.o)
                0x000000000000b07c                RegionIsActive
 .text.RegionGetPhyParam
                0x000000000000b086       0x18 .pio\build\cubecell_board\libFrameworkArduino.a(Region.c.o)
                0x000000000000b086                RegionGetPhyParam
 .text.RegionSetBandTxDone
                0x000000000000b09e        0xe .pio\build\cubecell_board\libFrameworkArduino.a(Region.c.o)
                0x000000000000b09e                RegionSetBandTxDone
 .text.RegionInitDefaults
                0x000000000000b0ac        0xe .pio\build\cubecell_board\libFrameworkArduino.a(Region.c.o)
                0x000000000000b0ac                RegionInitDefaults
 .text.RegionVerify
                0x000000000000b0ba       0x18 .pio\build\cubecell_board\libFrameworkArduino.a(Region.c.o)
                0x000000000000b0ba                RegionVerify
 .text.RegionApplyCFList
                0x000000000000b0d2        0xe .pio\build\cubecell_board\libFrameworkArduino.a(Region.c.o)
                0x000000000000b0d2                RegionApplyCFList
 .text.RegionChanMaskSet
                0x000000000000b0e0       0x14 .pio\build\cubecell_board\libFrameworkArduino.a(Region.c.o)
                0x000000000000b0e0                RegionChanMaskSet
 .text.RegionAdrNext
                0x000000000000b0f4       0x1c .pio\build\cubecell_board\libFrameworkArduino.a(Region.c.o)
                0x000000000000b0f4                RegionAdrNext
 .text.RegionComputeRxWindowParameters
                0x000000000000b110       0x16 .pio\build\cubecell_board\libFrameworkArduino.a(Region.c.o)
                0x000000000000b110                RegionComputeRxWindowParameters
 .text.RegionRxConfig
                0x000000000000b126       0x18 .pio\build\cubecell_board\libFrameworkArduino.a(Region.c.o)
                0x000000000000b126                RegionRxConfig
 .text.RegionTxConfig
                0x000000000000b13e       0x1a .pio\build\cubecell_board\libFrameworkArduino.a(Region.c.o)
                0x000000000000b13e                RegionTxConfig
 .text.RegionLinkAdrReq
                0x000000000000b158       0x20 .pio\build\cubecell_board\libFrameworkArduino.a(Region.c.o)
                0x000000000000b158                RegionLinkAdrReq
 .text.RegionRxParamSetupReq
                0x000000000000b178       0x14 .pio\build\cubecell_board\libFrameworkArduino.a(Region.c.o)
                0x000000000000b178                RegionRxParamSetupReq
 .text.RegionNewChannelReq
                0x000000000000b18c       0x14 .pio\build\cubecell_board\libFrameworkArduino.a(Region.c.o)
                0x000000000000b18c                RegionNewChannelReq
 .text.RegionTxParamSetupReq
                0x000000000000b1a0       0x14 .pio\build\cubecell_board\libFrameworkArduino.a(Region.c.o)
                0x000000000000b1a0                RegionTxParamSetupReq
 .text.RegionDlChannelReq
                0x000000000000b1b4       0x14 .pio\build\cubecell_board\libFrameworkArduino.a(Region.c.o)
                0x000000000000b1b4                RegionDlChannelReq
 .text.RegionAlternateDr
                0x000000000000b1c8       0x14 .pio\build\cubecell_board\libFrameworkArduino.a(Region.c.o)
                0x000000000000b1c8                RegionAlternateDr
 .text.RegionCalcBackOff
                0x000000000000b1dc        0xe .pio\build\cubecell_board\libFrameworkArduino.a(Region.c.o)
                0x000000000000b1dc                RegionCalcBackOff
 .text.RegionNextChannel
                0x000000000000b1ea       0x1c .pio\build\cubecell_board\libFrameworkArduino.a(Region.c.o)
                0x000000000000b1ea                RegionNextChannel
 .text.RegionChannelAdd
                0x000000000000b206       0x14 .pio\build\cubecell_board\libFrameworkArduino.a(Region.c.o)
                0x000000000000b206                RegionChannelAdd
 .text.RegionSetContinuousWave
                0x000000000000b21a        0xe .pio\build\cubecell_board\libFrameworkArduino.a(Region.c.o)
                0x000000000000b21a                RegionSetContinuousWave
 .text.RegionApplyDrOffset
                0x000000000000b228       0x1a .pio\build\cubecell_board\libFrameworkArduino.a(Region.c.o)
                0x000000000000b228                RegionApplyDrOffset
 .text.RegionRxBeaconSetup
                0x000000000000b242       0x12 .pio\build\cubecell_board\libFrameworkArduino.a(Region.c.o)
                0x000000000000b242                RegionRxBeaconSetup
 .text.VerifyTxFreq
                0x000000000000b254       0x9c .pio\build\cubecell_board\libFrameworkArduino.a(RegionEU868.c.o)
 .text.RegionEU868GetPhyParam
                0x000000000000b2f0      0x108 .pio\build\cubecell_board\libFrameworkArduino.a(RegionEU868.c.o)
                0x000000000000b2f0                RegionEU868GetPhyParam
 .text.RegionEU868SetBandTxDone
                0x000000000000b3f8       0x28 .pio\build\cubecell_board\libFrameworkArduino.a(RegionEU868.c.o)
                0x000000000000b3f8                RegionEU868SetBandTxDone
 .text.RegionEU868InitDefaults
                0x000000000000b420       0x54 .pio\build\cubecell_board\libFrameworkArduino.a(RegionEU868.c.o)
                0x000000000000b420                RegionEU868InitDefaults
 .text.RegionEU868Verify
                0x000000000000b474       0x54 .pio\build\cubecell_board\libFrameworkArduino.a(RegionEU868.c.o)
                0x000000000000b474                RegionEU868Verify
 .text.RegionEU868ChanMaskSet
                0x000000000000b4c8       0x34 .pio\build\cubecell_board\libFrameworkArduino.a(RegionEU868.c.o)
                0x000000000000b4c8                RegionEU868ChanMaskSet
 .text.RegionEU868AdrNext
                0x000000000000b4fc       0x74 .pio\build\cubecell_board\libFrameworkArduino.a(RegionEU868.c.o)
                0x000000000000b4fc                RegionEU868AdrNext
 .text.RegionEU868ComputeRxWindowParameters
                0x000000000000b570       0x78 .pio\build\cubecell_board\libFrameworkArduino.a(RegionEU868.c.o)
                0x000000000000b570                RegionEU868ComputeRxWindowParameters
 .text.RegionEU868RxConfig
                0x000000000000b5e8       0xe8 .pio\build\cubecell_board\libFrameworkArduino.a(RegionEU868.c.o)
                0x000000000000b5e8                RegionEU868RxConfig
 .text.RegionEU868TxConfig
                0x000000000000b6d0      0x120 .pio\build\cubecell_board\libFrameworkArduino.a(RegionEU868.c.o)
                0x000000000000b6d0                RegionEU868TxConfig
 .text.RegionEU868LinkAdrReq
                0x000000000000b7f0      0x128 .pio\build\cubecell_board\libFrameworkArduino.a(RegionEU868.c.o)
                0x000000000000b7f0                RegionEU868LinkAdrReq
 .text.RegionEU868RxParamSetupReq
                0x000000000000b918       0x48 .pio\build\cubecell_board\libFrameworkArduino.a(RegionEU868.c.o)
                0x000000000000b918                RegionEU868RxParamSetupReq
 .text.RegionEU868TxParamSetupReq
                0x000000000000b960        0x6 .pio\build\cubecell_board\libFrameworkArduino.a(RegionEU868.c.o)
                0x000000000000b960                RegionEU868TxParamSetupReq
 *fill*         0x000000000000b966        0x2 
 .text.RegionEU868DlChannelReq
                0x000000000000b968       0x40 .pio\build\cubecell_board\libFrameworkArduino.a(RegionEU868.c.o)
                0x000000000000b968                RegionEU868DlChannelReq
 .text.RegionEU868AlternateDr
                0x000000000000b9a8       0x3c .pio\build\cubecell_board\libFrameworkArduino.a(RegionEU868.c.o)
                0x000000000000b9a8                RegionEU868AlternateDr
 .text.RegionEU868CalcBackOff
                0x000000000000b9e4       0x88 .pio\build\cubecell_board\libFrameworkArduino.a(RegionEU868.c.o)
                0x000000000000b9e4                RegionEU868CalcBackOff
 .text.RegionEU868NextChannel